#
# There is insufficient memory for the Java Runtime Environment to continue.
# Native memory allocation (malloc) failed to allocate 4607632 bytes. Error detail: Chunk::new
# Possible reasons:
#   The system is out of physical RAM or swap space
#   This process is running with CompressedOops enabled, and the Java Heap may be blocking the growth of the native heap
# Possible solutions:
#   Reduce memory load on the system
#   Increase physical memory or swap space
#   Check if swap backing store is full
#   Decrease Java heap size (-Xmx/-Xms)
#   Decrease number of Java threads
#   Decrease Java thread stack sizes (-Xss)
#   Set larger code cache with -XX:ReservedCodeCacheSize=
#   JVM is running with Unscaled Compressed Oops mode in which the Java heap is
#     placed in the first 4GB address space. The Java Heap base address is the
#     maximum limit for the native heap growth. Please use -XX:HeapBaseMinAddress
#     to set the Java Heap base and to place the Java Heap above 4GB virtual address.
# This output file may be truncated or incomplete.
#
#  Out of Memory Error (arena.cpp:162), pid=12780, tid=18604
#
# JRE version: Java(TM) SE Runtime Environment (24.0.1+9) (build 24.0.1+9-30)
# Java VM: Java HotSpot(TM) 64-Bit Server VM (24.0.1+9-30, mixed mode, sharing, tiered, compressed oops, compressed class ptrs, g1 gc, windows-amd64)
# No core dump will be written. Minidumps are not enabled by default on client versions of Windows
#

---------------  S U M M A R Y ------------

Command Line: --enable-native-access=ALL-UNNAMED -Dclassworlds.conf=N:\Selenium_csWsp\apache-maven-3.9.11-bin\apache-maven-3.9.11\bin\m2.conf -Dmaven.home=N:\Selenium_csWsp\apache-maven-3.9.11-bin\apache-maven-3.9.11 -Dlibrary.jansi.path=N:\Selenium_csWsp\apache-maven-3.9.11-bin\apache-maven-3.9.11\lib\jansi-native -Dmaven.multiModuleProjectDirectory=N:\Kanishka\Demo org.codehaus.plexus.classworlds.launcher.Launcher test -Dtest=test .area.AddAreaSuccessTest

Host: Intel(R) Core(TM) i3-6006U CPU @ 2.00GHz, 4 cores, 3G,  Windows 10 , 64 bit Build 19041 (10.0.19041.5915)
Time: Fri Mar 13 18:13:49 2026 India Standard Time elapsed time: 5.376671 seconds (0d 0h 0m 5s)

---------------  T H R E A D  ---------------

Current thread (0x00000157dba0ca90):  JavaThread "C2 CompilerThread0" daemon [_thread_in_native, id=18604, stack(0x00000049e5900000,0x00000049e5a00000) (1024K)]


Current CompileTask:
C2:5376 1267   !   4       sun.nio.cs.StreamDecoder::read (220 bytes)

Stack: [0x00000049e5900000,0x00000049e5a00000]
Native frames: (J=compiled Java code, j=interpreted, Vv=VM code, C=native code)
V  [jvm.dll+0x730739]  (no source info available)
V  [jvm.dll+0x8d9b23]  (no source info available)
V  [jvm.dll+0x8dc00d]  (no source info available)
V  [jvm.dll+0x8dc683]  (no source info available)
V  [jvm.dll+0x2aa086]  (no source info available)
V  [jvm.dll+0xcedef]  (no source info available)
V  [jvm.dll+0xcf04f]  (no source info available)
V  [jvm.dll+0x154d83]  (no source info available)
V  [jvm.dll+0x735f5f]  (no source info available)
V  [jvm.dll+0x26fa1c]  (no source info available)
V  [jvm.dll+0x26ea3f]  (no source info available)
V  [jvm.dll+0x1e9d60]  (no source info available)
V  [jvm.dll+0x27e1fb]  (no source info available)
V  [jvm.dll+0x27c49a]  (no source info available)
V  [jvm.dll+0x42f456]  (no source info available)
V  [jvm.dll+0x87d76b]  (no source info available)
V  [jvm.dll+0x72ee55]  (no source info available)
C  [ucrtbase.dll+0x21bb2]  (no source info available)
C  [KERNEL32.DLL+0x17374]  (no source info available)
C  [ntdll.dll+0x4cc91]  (no source info available)

Lock stack of current Java thread (top to bottom):


---------------  P R O C E S S  ---------------

Threads class SMR info:
_java_thread_list=0x00000158212222b0, length=11, elements={
0x00000157be76cf90, 0x00000157c0a2b1a0, 0x00000157c0a2dcb0, 0x00000157db9f27a0,
0x00000157db9f6ef0, 0x00000157db9f7630, 0x00000157db9f7d70, 0x00000157dba0ca90,
0x00000157dba0f230, 0x00000157dbb1ffe0, 0x00000157dbb2cf30
}

Java Threads: ( => current thread )
  0x00000157be76cf90 JavaThread "main"                              [_thread_in_Java, id=1500, stack(0x00000049e4b00000,0x00000049e4c00000) (1024K)]
  0x00000157c0a2b1a0 JavaThread "Reference Handler"          daemon [_thread_blocked, id=9988, stack(0x00000049e5300000,0x00000049e5400000) (1024K)]
  0x00000157c0a2dcb0 JavaThread "Finalizer"                  daemon [_thread_blocked, id=12652, stack(0x00000049e5400000,0x00000049e5500000) (1024K)]
  0x00000157db9f27a0 JavaThread "Signal Dispatcher"          daemon [_thread_blocked, id=5088, stack(0x00000049e5500000,0x00000049e5600000) (1024K)]
  0x00000157db9f6ef0 JavaThread "Attach Listener"            daemon [_thread_blocked, id=10476, stack(0x00000049e5600000,0x00000049e5700000) (1024K)]
  0x00000157db9f7630 JavaThread "Service Thread"             daemon [_thread_blocked, id=9032, stack(0x00000049e5700000,0x00000049e5800000) (1024K)]
  0x00000157db9f7d70 JavaThread "Monitor Deflation Thread"   daemon [_thread_blocked, id=11260, stack(0x00000049e5800000,0x00000049e5900000) (1024K)]
=>0x00000157dba0ca90 JavaThread "C2 CompilerThread0"         daemon [_thread_in_native, id=18604, stack(0x00000049e5900000,0x00000049e5a00000) (1024K)]
  0x00000157dba0f230 JavaThread "C1 CompilerThread0"         daemon [_thread_blocked, id=7088, stack(0x00000049e5a00000,0x00000049e5b00000) (1024K)]
  0x00000157dbb1ffe0 JavaThread "Notification Thread"        daemon [_thread_blocked, id=7768, stack(0x00000049e5b00000,0x00000049e5c00000) (1024K)]
  0x00000157dbb2cf30 JavaThread "Common-Cleaner"             daemon [_thread_blocked, id=18272, stack(0x00000049e5c00000,0x00000049e5d00000) (1024K)]
Total: 11

Other Threads:
  0x00000157c0a1c300 VMThread "VM Thread"                           [id=8452, stack(0x00000049e5200000,0x00000049e5300000) (1024K)]
  0x00000157c0a0cb40 WatcherThread "VM Periodic Task Thread"        [id=14996, stack(0x00000049e5100000,0x00000049e5200000) (1024K)]
  0x00000157c0995650 WorkerThread "GC Thread#0"                     [id=13460, stack(0x00000049e4c00000,0x00000049e4d00000) (1024K)]
  0x0000015821855f90 WorkerThread "GC Thread#1"                     [id=18296, stack(0x00000049e5d00000,0x00000049e5e00000) (1024K)]
  0x0000015821ae3250 WorkerThread "GC Thread#2"                     [id=13260, stack(0x00000049e5e00000,0x00000049e5f00000) (1024K)]
  0x00000158218f4470 WorkerThread "GC Thread#3"                     [id=14040, stack(0x00000049e5f00000,0x00000049e6000000) (1024K)]
  0x00000157c09a22a0 ConcurrentGCThread "G1 Main Marker"            [id=6704, stack(0x00000049e4d00000,0x00000049e4e00000) (1024K)]
  0x00000157c09a6880 WorkerThread "G1 Conc#0"                       [id=13936, stack(0x00000049e4e00000,0x00000049e4f00000) (1024K)]
  0x00000157c0a00b60 ConcurrentGCThread "G1 Refine#0"               [id=19344, stack(0x00000049e4f00000,0x00000049e5000000) (1024K)]
  0x00000157c0a01200 ConcurrentGCThread "G1 Service"                [id=18032, stack(0x00000049e5000000,0x00000049e5100000) (1024K)]
Total: 10

Threads with active compile tasks:
C2 CompilerThread0  5965 1267   !   4       sun.nio.cs.StreamDecoder::read (220 bytes)
Total: 1

VM state: not at safepoint (normal execution)

VM Mutex/Monitor currently owned by a thread: None

Heap address: 0x00000000c1e00000, size: 994 MB, Compressed Oops mode: 32-bit

CDS archive(s) mapped at: [0x00000157dc000000-0x00000157dcd40000-0x00000157dcd40000), size 13893632, SharedBaseAddress: 0x00000157dc000000, ArchiveRelocationMode: 1.
Compressed class space mapped at: 0x00000157dd000000-0x000001581d000000, reserved size: 1073741824
UseCompressedClassPointers 1, UseCompactObjectHeaders 0
Narrow klass pointer bits 32, Max shift 3
Narrow klass base: 0x00000157dc000000, Narrow klass shift: 0
Encoding Range: [0x00000157dc000000 - 0x00000158dc000000), (4294967296 bytes)
Klass Range:    [0x00000157dc000000 - 0x000001581d000000), (1090519040 bytes)
Klass ID Range:  [8 - 1090519033) (1090519025)

GC Precious Log:
 CardTable entry size: 512
 Card Set container configuration: InlinePtr #cards 5 size 8 Array Of Cards #cards 10 size 36 Howl #buckets 4 coarsen threshold 1843 Howl Bitmap #cards 512 size 80 coarsen threshold 460 Card regions per heap region 1 cards per card region 2048
 CPUs: 4 total, 4 available
 Memory: 3970M
 Large Page Support: Disabled
 NUMA Support: Disabled
 Compressed Oops: Enabled (32-bit)
 Heap Region Size: 1M
 Heap Min Capacity: 8M
 Heap Initial Capacity: 64M
 Heap Max Capacity: 994M
 Pre-touch: Disabled
 Parallel Workers: 4
 Concurrent Workers: 1
 Concurrent Refinement Workers: 4
 Periodic GC: Disabled

Heap:
 garbage-first heap   total reserved 1017856K, committed 67584K, used 5492K [0x00000000c1e00000, 0x0000000100000000)
  region size 1024K, 6 young (6144K), 4 survivors (4096K)
 Metaspace       used 6554K, committed 6720K, reserved 1114112K
  class space    used 576K, committed 640K, reserved 1048576K

Heap Regions: E=young(eden), S=young(survivor), O=old, HS=humongous(starts), HC=humongous(continues), CS=collection set, F=free, TAMS=top-at-mark-start, PB=parsable bottom
|   0|0x00000000c1e00000, 0x00000000c1e00000, 0x00000000c1f00000|  0%| F|  |TAMS 0x00000000c1e00000| PB 0x00000000c1e00000| Untracked |  0
|   1|0x00000000c1f00000, 0x00000000c1f00000, 0x00000000c2000000|  0%| F|  |TAMS 0x00000000c1f00000| PB 0x00000000c1f00000| Untracked |  0
|   2|0x00000000c2000000, 0x00000000c2000000, 0x00000000c2100000|  0%| F|  |TAMS 0x00000000c2000000| PB 0x00000000c2000000| Untracked |  0
|   3|0x00000000c2100000, 0x00000000c2100000, 0x00000000c2200000|  0%| F|  |TAMS 0x00000000c2100000| PB 0x00000000c2100000| Untracked |  0
|   4|0x00000000c2200000, 0x00000000c2200000, 0x00000000c2300000|  0%| F|  |TAMS 0x00000000c2200000| PB 0x00000000c2200000| Untracked |  0
|   5|0x00000000c2300000, 0x00000000c2300000, 0x00000000c2400000|  0%| F|  |TAMS 0x00000000c2300000| PB 0x00000000c2300000| Untracked |  0
|   6|0x00000000c2400000, 0x00000000c2400000, 0x00000000c2500000|  0%| F|  |TAMS 0x00000000c2400000| PB 0x00000000c2400000| Untracked |  0
|   7|0x00000000c2500000, 0x00000000c2500000, 0x00000000c2600000|  0%| F|  |TAMS 0x00000000c2500000| PB 0x00000000c2500000| Untracked |  0
|   8|0x00000000c2600000, 0x00000000c2600000, 0x00000000c2700000|  0%| F|  |TAMS 0x00000000c2600000| PB 0x00000000c2600000| Untracked |  0
|   9|0x00000000c2700000, 0x00000000c2700000, 0x00000000c2800000|  0%| F|  |TAMS 0x00000000c2700000| PB 0x00000000c2700000| Untracked |  0
|  10|0x00000000c2800000, 0x00000000c2800000, 0x00000000c2900000|  0%| F|  |TAMS 0x00000000c2800000| PB 0x00000000c2800000| Untracked |  0
|  11|0x00000000c2900000, 0x00000000c2900000, 0x00000000c2a00000|  0%| F|  |TAMS 0x00000000c2900000| PB 0x00000000c2900000| Untracked |  0
|  12|0x00000000c2a00000, 0x00000000c2a00000, 0x00000000c2b00000|  0%| F|  |TAMS 0x00000000c2a00000| PB 0x00000000c2a00000| Untracked |  0
|  13|0x00000000c2b00000, 0x00000000c2b00000, 0x00000000c2c00000|  0%| F|  |TAMS 0x00000000c2b00000| PB 0x00000000c2b00000| Untracked |  0
|  14|0x00000000c2c00000, 0x00000000c2c00000, 0x00000000c2d00000|  0%| F|  |TAMS 0x00000000c2c00000| PB 0x00000000c2c00000| Untracked |  0
|  15|0x00000000c2d00000, 0x00000000c2d00000, 0x00000000c2e00000|  0%| F|  |TAMS 0x00000000c2d00000| PB 0x00000000c2d00000| Untracked |  0
|  16|0x00000000c2e00000, 0x00000000c2e00000, 0x00000000c2f00000|  0%| F|  |TAMS 0x00000000c2e00000| PB 0x00000000c2e00000| Untracked |  0
|  17|0x00000000c2f00000, 0x00000000c2f00000, 0x00000000c3000000|  0%| F|  |TAMS 0x00000000c2f00000| PB 0x00000000c2f00000| Untracked |  0
|  18|0x00000000c3000000, 0x00000000c3000000, 0x00000000c3100000|  0%| F|  |TAMS 0x00000000c3000000| PB 0x00000000c3000000| Untracked |  0
|  19|0x00000000c3100000, 0x00000000c3100000, 0x00000000c3200000|  0%| F|  |TAMS 0x00000000c3100000| PB 0x00000000c3100000| Untracked |  0
|  20|0x00000000c3200000, 0x00000000c3200000, 0x00000000c3300000|  0%| F|  |TAMS 0x00000000c3200000| PB 0x00000000c3200000| Untracked |  0
|  21|0x00000000c3300000, 0x00000000c3300000, 0x00000000c3400000|  0%| F|  |TAMS 0x00000000c3300000| PB 0x00000000c3300000| Untracked |  0
|  22|0x00000000c3400000, 0x00000000c3400000, 0x00000000c3500000|  0%| F|  |TAMS 0x00000000c3400000| PB 0x00000000c3400000| Untracked |  0
|  23|0x00000000c3500000, 0x00000000c3500000, 0x00000000c3600000|  0%| F|  |TAMS 0x00000000c3500000| PB 0x00000000c3500000| Untracked |  0
|  24|0x00000000c3600000, 0x00000000c3600000, 0x00000000c3700000|  0%| F|  |TAMS 0x00000000c3600000| PB 0x00000000c3600000| Untracked |  0
|  25|0x00000000c3700000, 0x00000000c3700000, 0x00000000c3800000|  0%| F|  |TAMS 0x00000000c3700000| PB 0x00000000c3700000| Untracked |  0
|  26|0x00000000c3800000, 0x00000000c3800000, 0x00000000c3900000|  0%| F|  |TAMS 0x00000000c3800000| PB 0x00000000c3800000| Untracked |  0
|  27|0x00000000c3900000, 0x00000000c3900000, 0x00000000c3a00000|  0%| F|  |TAMS 0x00000000c3900000| PB 0x00000000c3900000| Untracked |  0
|  28|0x00000000c3a00000, 0x00000000c3a00000, 0x00000000c3b00000|  0%| F|  |TAMS 0x00000000c3a00000| PB 0x00000000c3a00000| Untracked |  0
|  29|0x00000000c3b00000, 0x00000000c3b00000, 0x00000000c3c00000|  0%| F|  |TAMS 0x00000000c3b00000| PB 0x00000000c3b00000| Untracked |  0
|  30|0x00000000c3c00000, 0x00000000c3c00000, 0x00000000c3d00000|  0%| F|  |TAMS 0x00000000c3c00000| PB 0x00000000c3c00000| Untracked |  0
|  31|0x00000000c3d00000, 0x00000000c3d00000, 0x00000000c3e00000|  0%| F|  |TAMS 0x00000000c3d00000| PB 0x00000000c3d00000| Untracked |  0
|  32|0x00000000c3e00000, 0x00000000c3e40000, 0x00000000c3f00000| 25%| S|CS|TAMS 0x00000000c3e00000| PB 0x00000000c3e00000| Complete |  0
|  33|0x00000000c3f00000, 0x00000000c4000000, 0x00000000c4000000|100%| S|CS|TAMS 0x00000000c3f00000| PB 0x00000000c3f00000| Complete |  0
|  34|0x00000000c4000000, 0x00000000c4100000, 0x00000000c4100000|100%| S|CS|TAMS 0x00000000c4000000| PB 0x00000000c4000000| Complete |  0
|  35|0x00000000c4100000, 0x00000000c4200000, 0x00000000c4200000|100%| S|CS|TAMS 0x00000000c4100000| PB 0x00000000c4100000| Complete |  0
|  36|0x00000000c4200000, 0x00000000c4200000, 0x00000000c4300000|  0%| F|  |TAMS 0x00000000c4200000| PB 0x00000000c4200000| Untracked |  0
|  37|0x00000000c4300000, 0x00000000c4300000, 0x00000000c4400000|  0%| F|  |TAMS 0x00000000c4300000| PB 0x00000000c4300000| Untracked |  0
|  38|0x00000000c4400000, 0x00000000c4400000, 0x00000000c4500000|  0%| F|  |TAMS 0x00000000c4400000| PB 0x00000000c4400000| Untracked |  0
|  39|0x00000000c4500000, 0x00000000c4500000, 0x00000000c4600000|  0%| F|  |TAMS 0x00000000c4500000| PB 0x00000000c4500000| Untracked |  0
|  40|0x00000000c4600000, 0x00000000c4600000, 0x00000000c4700000|  0%| F|  |TAMS 0x00000000c4600000| PB 0x00000000c4600000| Untracked |  0
|  41|0x00000000c4700000, 0x00000000c4700000, 0x00000000c4800000|  0%| F|  |TAMS 0x00000000c4700000| PB 0x00000000c4700000| Untracked |  0
|  42|0x00000000c4800000, 0x00000000c4800000, 0x00000000c4900000|  0%| F|  |TAMS 0x00000000c4800000| PB 0x00000000c4800000| Untracked |  0
|  43|0x00000000c4900000, 0x00000000c4900000, 0x00000000c4a00000|  0%| F|  |TAMS 0x00000000c4900000| PB 0x00000000c4900000| Untracked |  0
|  44|0x00000000c4a00000, 0x00000000c4a00000, 0x00000000c4b00000|  0%| F|  |TAMS 0x00000000c4a00000| PB 0x00000000c4a00000| Untracked |  0
|  45|0x00000000c4b00000, 0x00000000c4b00000, 0x00000000c4c00000|  0%| F|  |TAMS 0x00000000c4b00000| PB 0x00000000c4b00000| Untracked |  0
|  46|0x00000000c4c00000, 0x00000000c4c00000, 0x00000000c4d00000|  0%| F|  |TAMS 0x00000000c4c00000| PB 0x00000000c4c00000| Untracked |  0
|  47|0x00000000c4d00000, 0x00000000c4d00000, 0x00000000c4e00000|  0%| F|  |TAMS 0x00000000c4d00000| PB 0x00000000c4d00000| Untracked |  0
|  48|0x00000000c4e00000, 0x00000000c4e00000, 0x00000000c4f00000|  0%| F|  |TAMS 0x00000000c4e00000| PB 0x00000000c4e00000| Untracked |  0
|  49|0x00000000c4f00000, 0x00000000c4f00000, 0x00000000c5000000|  0%| F|  |TAMS 0x00000000c4f00000| PB 0x00000000c4f00000| Untracked |  0
|  50|0x00000000c5000000, 0x00000000c5000000, 0x00000000c5100000|  0%| F|  |TAMS 0x00000000c5000000| PB 0x00000000c5000000| Untracked |  0
|  51|0x00000000c5100000, 0x00000000c5100000, 0x00000000c5200000|  0%| F|  |TAMS 0x00000000c5100000| PB 0x00000000c5100000| Untracked |  0
|  52|0x00000000c5200000, 0x00000000c5200000, 0x00000000c5300000|  0%| F|  |TAMS 0x00000000c5200000| PB 0x00000000c5200000| Untracked |  0
|  53|0x00000000c5300000, 0x00000000c5300000, 0x00000000c5400000|  0%| F|  |TAMS 0x00000000c5300000| PB 0x00000000c5300000| Untracked |  0
|  54|0x00000000c5400000, 0x00000000c5400000, 0x00000000c5500000|  0%| F|  |TAMS 0x00000000c5400000| PB 0x00000000c5400000| Untracked |  0
|  55|0x00000000c5500000, 0x00000000c5500000, 0x00000000c5600000|  0%| F|  |TAMS 0x00000000c5500000| PB 0x00000000c5500000| Untracked |  0
|  56|0x00000000c5600000, 0x00000000c5600000, 0x00000000c5700000|  0%| F|  |TAMS 0x00000000c5600000| PB 0x00000000c5600000| Untracked |  0
|  57|0x00000000c5700000, 0x00000000c5700000, 0x00000000c5800000|  0%| F|  |TAMS 0x00000000c5700000| PB 0x00000000c5700000| Untracked |  0
|  58|0x00000000c5800000, 0x00000000c5800000, 0x00000000c5900000|  0%| F|  |TAMS 0x00000000c5800000| PB 0x00000000c5800000| Untracked |  0
|  59|0x00000000c5900000, 0x00000000c5900000, 0x00000000c5a00000|  0%| F|  |TAMS 0x00000000c5900000| PB 0x00000000c5900000| Untracked |  0
|  60|0x00000000c5a00000, 0x00000000c5a00000, 0x00000000c5b00000|  0%| F|  |TAMS 0x00000000c5a00000| PB 0x00000000c5a00000| Untracked |  0
|  61|0x00000000c5b00000, 0x00000000c5b00000, 0x00000000c5c00000|  0%| F|  |TAMS 0x00000000c5b00000| PB 0x00000000c5b00000| Untracked |  0
|  62|0x00000000c5c00000, 0x00000000c5ce1cc8, 0x00000000c5d00000| 88%| E|  |TAMS 0x00000000c5c00000| PB 0x00000000c5c00000| Complete |  0
|  63|0x00000000c5d00000, 0x00000000c5e00000, 0x00000000c5e00000|100%| E|CS|TAMS 0x00000000c5d00000| PB 0x00000000c5d00000| Complete |  0
| 992|0x00000000ffe00000, 0x00000000fff00000, 0x00000000fff00000|100%| O|  |TAMS 0x00000000ffe00000| PB 0x00000000ffe00000| Untracked |  0
| 993|0x00000000fff00000, 0x00000000fff1d1c0, 0x0000000100000000| 11%| O|  |TAMS 0x00000000fff00000| PB 0x00000000fff00000| Untracked |  0

Card table byte_map: [0x00000157d8410000,0x00000157d8610000] _byte_map_base: 0x00000157d7e01000

Marking Bits: (CMBitMap*) 0x00000157c0997c90
 Bits: [0x00000157d8610000, 0x00000157d9598000)

Polling page: 0x00000157be700000

Metaspace:

Usage:
  Non-class:      5.84 MB used.
      Class:    577.09 KB used.
       Both:      6.40 MB used.

Virtual space:
  Non-class space:       64.00 MB reserved,       5.94 MB (  9%) committed,  1 nodes.
      Class space:        1.00 GB reserved,     640.00 KB ( <1%) committed,  1 nodes.
             Both:        1.06 GB reserved,       6.56 MB ( <1%) committed. 

Chunk freelists:
   Non-Class:  8.48 MB
       Class:  15.34 MB
        Both:  23.83 MB

MaxMetaspaceSize: unlimited
CompressedClassSpaceSize: 1.00 GB
Initial GC threshold: 21.00 MB
Current GC threshold: 21.00 MB
CDS: on
 - commit_granule_bytes: 65536.
 - commit_granule_words: 8192.
 - virtual_space_node_default_size: 8388608.
 - enlarge_chunks_in_place: 1.
UseCompressedClassPointers 1, UseCompactObjectHeaders 0
Narrow klass pointer bits 32, Max shift 3
Narrow klass base: 0x00000157dc000000, Narrow klass shift: 0
Encoding Range: [0x00000157dc000000 - 0x00000158dc000000), (4294967296 bytes)
Klass Range:    [0x00000157dc000000 - 0x000001581d000000), (1090519040 bytes)
Klass ID Range:  [8 - 1090519033) (1090519025)


Internal statistics:

num_allocs_failed_limit: 0.
num_arena_births: 58.
num_arena_deaths: 0.
num_vsnodes_births: 2.
num_vsnodes_deaths: 0.
num_space_committed: 105.
num_space_uncommitted: 0.
num_chunks_returned_to_freelist: 0.
num_chunks_taken_from_freelist: 246.
num_chunk_merges: 0.
num_chunk_splits: 158.
num_chunks_enlarged: 132.
num_inconsistent_stats: 0.

CodeHeap 'non-profiled nmethods': size=120064Kb used=389Kb max_used=389Kb free=119674Kb
 bounds [0x00000157d0cd0000, 0x00000157d0f40000, 0x00000157d8210000]
CodeHeap 'profiled nmethods': size=120000Kb used=2262Kb max_used=2262Kb free=117738Kb
 bounds [0x00000157c9210000, 0x00000157c9480000, 0x00000157d0740000]
CodeHeap 'non-nmethods': size=5696Kb used=1290Kb max_used=1313Kb free=4405Kb
 bounds [0x00000157d0740000, 0x00000157d09b0000, 0x00000157d0cd0000]
CodeCache: size=245760Kb, used=3941Kb, max_used=3964Kb, free=241817Kb
 total_blobs=1951, nmethods=1497, adapters=359, full_count=0
Compilation: enabled, stopped_count=0, restarted_count=0

Compilation events (20 events):
Event: 5.164 Thread 0x00000157dba0f230 1276       3       org.codehaus.plexus.util.xml.pull.MXParser::nextText (107 bytes)
Event: 5.165 Thread 0x00000157dba0f230 nmethod 1276 0x00000157c940d988 code [0x00000157c940dbe0, 0x00000157c940e9e0]
Event: 5.175 Thread 0x00000157dba0f230 1277       3       java.lang.ThreadLocal::get (35 bytes)
Event: 5.176 Thread 0x00000157dba0f230 nmethod 1277 0x00000157c940ea88 code [0x00000157c940ebe0, 0x00000157c940eec0]
Event: 5.176 Thread 0x00000157dba0f230 1278       3       java.lang.StringBuilder::charAt (6 bytes)
Event: 5.177 Thread 0x00000157dba0f230 nmethod 1278 0x00000157c940ef08 code [0x00000157c940f020, 0x00000157c940f160]
Event: 5.177 Thread 0x00000157dba0f230 1279       3       java.lang.AbstractStringBuilder::charAt (36 bytes)
Event: 5.177 Thread 0x00000157dba0f230 nmethod 1279 0x00000157c940f208 code [0x00000157c940f340, 0x00000157c940f6d0]
Event: 5.211 Thread 0x00000157dba0f230 1288       1       org.codehaus.plexus.util.xml.pull.MXParser::getDepth (5 bytes)
Event: 5.212 Thread 0x00000157dba0f230 nmethod 1288 0x00000157d0d23288 code [0x00000157d0d23380, 0x00000157d0d23448]
Event: 5.215 Thread 0x00000157dba0ca90 nmethod 1264 0x00000157d0d23588 code [0x00000157d0d239c0, 0x00000157d0d267d8]
Event: 5.217 Thread 0x00000157dba0ca90 1267   !   4       sun.nio.cs.StreamDecoder::read (220 bytes)
Event: 5.290 Thread 0x00000157dba0f230 1289       2       java.util.Collections::emptyMap (4 bytes)
Event: 5.291 Thread 0x00000157dba0f230 nmethod 1289 0x00000157c940f708 code [0x00000157c940f820, 0x00000157c940f908]
Event: 5.305 Thread 0x00000157dba0f230 1290 %     3       org.codehaus.plexus.util.InterpolationFilterReader::read @ 3 (48 bytes)
Event: 5.306 Thread 0x00000157dba0f230 nmethod 1290% 0x00000157c940fa08 code [0x00000157c940fb60, 0x00000157c940ff38]
Event: 5.306 Thread 0x00000157dba0f230 1291       3       org.codehaus.plexus.util.InterpolationFilterReader::read (48 bytes)
Event: 5.307 Thread 0x00000157dba0f230 nmethod 1291 0x00000157c940ff88 code [0x00000157c94100c0, 0x00000157c94103b0]
Event: 5.323 Thread 0x00000157dba0f230 1292       2       org.codehaus.plexus.util.xml.pull.MXParser::require (468 bytes)
Event: 5.327 Thread 0x00000157dba0f230 nmethod 1292 0x00000157c9410408 code [0x00000157c9410960, 0x00000157c9412158]

GC Heap History (0 events):
No events

Dll operation events (8 events):
Event: 0.027 Loaded shared library C:\Program Files\Java\jdk-24\bin\java.dll
Event: 0.504 Loaded shared library C:\Program Files\Java\jdk-24\bin\jsvml.dll
Event: 0.617 Loaded shared library C:\Program Files\Java\jdk-24\bin\net.dll
Event: 0.632 Loaded shared library C:\Program Files\Java\jdk-24\bin\nio.dll
Event: 0.664 Loaded shared library C:\Program Files\Java\jdk-24\bin\zip.dll
Event: 2.083 Loaded shared library C:\Program Files\Java\jdk-24\bin\jimage.dll
Event: 2.087 Loaded shared library N:\Selenium_csWsp\apache-maven-3.9.11-bin\apache-maven-3.9.11\lib\jansi-native\Windows\x86_64\jansi.dll
Event: 2.173 Loaded shared library C:\Program Files\Java\jdk-24\bin\verify.dll

Deoptimization events (20 events):
Event: 3.244 Thread 0x00000157be76cf90 DEOPT PACKING pc=0x00000157c9252218 sp=0x00000049e4bfd8a0
Event: 3.244 Thread 0x00000157be76cf90 DEOPT UNPACKING pc=0x00000157d0795722 sp=0x00000049e4bfcd10 mode 0
Event: 3.374 Thread 0x00000157be76cf90 DEOPT PACKING pc=0x00000157c923fc99 sp=0x00000049e4bfa880
Event: 3.374 Thread 0x00000157be76cf90 DEOPT UNPACKING pc=0x00000157d0795722 sp=0x00000049e4bf9cf8 mode 0
Event: 4.803 Thread 0x00000157be76cf90 Uncommon trap: trap_request=0xffffffc6 fr.pc=0x00000157d0d0c558 relative=0x00000000000003f8
Event: 4.803 Thread 0x00000157be76cf90 Uncommon trap: reason=bimorphic_or_optimized_type_check action=maybe_recompile pc=0x00000157d0d0c558 method=java.util.concurrent.ConcurrentHashMap.get(Ljava/lang/Object;)Ljava/lang/Object; @ 149 c2
Event: 4.803 Thread 0x00000157be76cf90 DEOPT PACKING pc=0x00000157d0d0c558 sp=0x00000049e4bfdc00
Event: 4.803 Thread 0x00000157be76cf90 DEOPT UNPACKING pc=0x00000157d0858202 sp=0x00000049e4bfdb70 mode 2
Event: 4.884 Thread 0x00000157be76cf90 Uncommon trap: trap_request=0xffffff6e fr.pc=0x00000157d0d09ea8 relative=0x0000000000000488
Event: 4.884 Thread 0x00000157be76cf90 Uncommon trap: reason=loop_limit_check action=maybe_recompile pc=0x00000157d0d09ea8 method=java.lang.StringLatin1.indexOf([BI[BII)I @ 37 c2
Event: 4.884 Thread 0x00000157be76cf90 DEOPT PACKING pc=0x00000157d0d09ea8 sp=0x00000049e4bfe3e0
Event: 4.884 Thread 0x00000157be76cf90 DEOPT UNPACKING pc=0x00000157d0858202 sp=0x00000049e4bfe340 mode 2
Event: 4.898 Thread 0x00000157be76cf90 Uncommon trap: trap_request=0xffffff76 fr.pc=0x00000157d0d02e9c relative=0x000000000000033c
Event: 4.898 Thread 0x00000157be76cf90 Uncommon trap: reason=predicate action=maybe_recompile pc=0x00000157d0d02e9c method=java.util.regex.Pattern$BmpCharPropertyGreedy.match(Ljava/util/regex/Matcher;ILjava/lang/CharSequence;)Z @ 12 c2
Event: 4.898 Thread 0x00000157be76cf90 DEOPT PACKING pc=0x00000157d0d02e9c sp=0x00000049e4bfe2e0
Event: 4.898 Thread 0x00000157be76cf90 DEOPT UNPACKING pc=0x00000157d0858202 sp=0x00000049e4bfe298 mode 2
Event: 5.092 Thread 0x00000157be76cf90 Uncommon trap: trap_request=0xffffff4d fr.pc=0x00000157d0d21210 relative=0x00000000000018f0
Event: 5.092 Thread 0x00000157be76cf90 Uncommon trap: reason=unstable_if action=reinterpret pc=0x00000157d0d21210 method=java.nio.charset.CoderResult.isOverflow()Z @ 5 c2
Event: 5.092 Thread 0x00000157be76cf90 DEOPT PACKING pc=0x00000157d0d21210 sp=0x00000049e4bfe2d0
Event: 5.092 Thread 0x00000157be76cf90 DEOPT UNPACKING pc=0x00000157d0858202 sp=0x00000049e4bfdff8 mode 2

Classes loaded (20 events):
Event: 4.562 Loading class java/lang/annotation/Documented
Event: 4.562 Loading class java/lang/annotation/Documented done
Event: 4.633 Loading class java/util/concurrent/TimeoutException
Event: 4.634 Loading class java/util/concurrent/TimeoutException done
Event: 4.634 Loading class java/util/concurrent/CancellationException
Event: 4.635 Loading class java/util/concurrent/CancellationException done
Event: 4.667 Loading class java/lang/reflect/ParameterizedType
Event: 4.667 Loading class java/lang/reflect/ParameterizedType done
Event: 4.699 Loading class java/lang/reflect/WildcardType
Event: 4.699 Loading class java/lang/reflect/WildcardType done
Event: 4.756 Loading class sun/reflect/generics/tree/TypeVariableSignature
Event: 4.756 Loading class sun/reflect/generics/tree/TypeVariableSignature done
Event: 4.862 Loading class java/lang/annotation/IncompleteAnnotationException
Event: 4.862 Loading class java/lang/annotation/IncompleteAnnotationException done
Event: 4.880 Loading class jdk/internal/foreign/MemorySessionImpl
Event: 4.882 Loading class java/lang/foreign/MemorySegment$Scope
Event: 4.883 Loading class java/lang/foreign/MemorySegment$Scope done
Event: 4.883 Loading class jdk/internal/foreign/MemorySessionImpl done
Event: 5.146 Loading class java/lang/foreign/MemorySegment
Event: 5.148 Loading class java/lang/foreign/MemorySegment done

Classes unloaded (0 events):
No events

Classes redefined (0 events):
No events

Internal exceptions (20 events):
Event: 2.005 Thread 0x00000157be76cf90 Exception <a 'java/lang/NullPointerException'{0x00000000c5805510}> (0x00000000c5805510) 
thrown [s\open\src\hotspot\share\interpreter\linkResolver.cpp, line 1417]
Event: 2.101 Thread 0x00000157be76cf90 Exception <a 'java/lang/NullPointerException'{0x00000000c58244e8}> (0x00000000c58244e8) 
thrown [s\open\src\hotspot\share\interpreter\linkResolver.cpp, line 1417]
Event: 2.101 Thread 0x00000157be76cf90 Exception <a 'java/lang/NullPointerException'{0x00000000c58247c8}> (0x00000000c58247c8) 
thrown [s\open\src\hotspot\share\interpreter\linkResolver.cpp, line 1417]
Event: 2.101 Thread 0x00000157be76cf90 Exception <a 'java/lang/NullPointerException'{0x00000000c5824aa8}> (0x00000000c5824aa8) 
thrown [s\open\src\hotspot\share\interpreter\linkResolver.cpp, line 1417]
Event: 2.113 Thread 0x00000157be76cf90 Exception <a 'java/lang/NullPointerException'{0x00000000c5829540}> (0x00000000c5829540) 
thrown [s\open\src\hotspot\share\interpreter\linkResolver.cpp, line 1417]
Event: 2.125 Thread 0x00000157be76cf90 Exception <a 'java/lang/NullPointerException'{0x00000000c583afa8}> (0x00000000c583afa8) 
thrown [s\open\src\hotspot\share\interpreter\linkResolver.cpp, line 1417]
Event: 2.125 Thread 0x00000157be76cf90 Exception <a 'java/lang/NullPointerException'{0x00000000c583b288}> (0x00000000c583b288) 
thrown [s\open\src\hotspot\share\interpreter\linkResolver.cpp, line 1417]
Event: 2.125 Thread 0x00000157be76cf90 Exception <a 'java/lang/NullPointerException'{0x00000000c583b568}> (0x00000000c583b568) 
thrown [s\open\src\hotspot\share\interpreter\linkResolver.cpp, line 1417]
Event: 2.125 Thread 0x00000157be76cf90 Exception <a 'java/lang/NullPointerException'{0x00000000c583b848}> (0x00000000c583b848) 
thrown [s\open\src\hotspot\share\interpreter\linkResolver.cpp, line 1417]
Event: 2.217 Thread 0x00000157be76cf90 Exception <a 'java/lang/NoSuchMethodError'{0x00000000c57136a8}: 'void java.lang.invoke.DirectMethodHandle$Holder.invokeStatic(java.lang.Object, java.lang.Object)'> (0x00000000c57136a8) 
thrown [s\open\src\hotspot\share\interpreter\linkResolver.cpp, line 805]
Event: 2.288 Thread 0x00000157be76cf90 Exception <a 'java/lang/NoSuchMethodError'{0x00000000c574d830}: 'void java.lang.invoke.DirectMethodHandle$Holder.invokeStaticInit(java.lang.Object, java.lang.Object)'> (0x00000000c574d830) 
thrown [s\open\src\hotspot\share\interpreter\linkResolver.cpp, line 805]
Event: 2.386 Thread 0x00000157be76cf90 Exception <a 'java/lang/NoSuchMethodError'{0x00000000c5796a98}: 'void java.lang.invoke.DirectMethodHandle$Holder.invokeStatic(java.lang.Object, java.lang.Object, java.lang.Object)'> (0x00000000c5796a98) 
thrown [s\open\src\hotspot\share\interpreter\linkResolver.cpp, line 805]
Event: 2.689 Thread 0x00000157be76cf90 Exception <a 'java/lang/NoSuchMethodError'{0x00000000c552fef8}: 'java.lang.Object java.lang.invoke.DirectMethodHandle$Holder.invokeSpecialIFC(java.lang.Object, java.lang.Object, java.lang.Object, java.lang.Object)'> (0x00000000c552fef8) 
thrown [s\open\src\hotspot\share\interpreter\linkResolver.cpp, line 805]
Event: 3.732 Thread 0x00000157be76cf90 Exception <a 'java/lang/NoSuchMethodError'{0x00000000c5031d80}: 'void java.lang.invoke.DirectMethodHandle$Holder.invokeSpecial(java.lang.Object, java.lang.Object, java.lang.Object)'> (0x00000000c5031d80) 
thrown [s\open\src\hotspot\share\interpreter\linkResolver.cpp, line 805]
Event: 3.966 Thread 0x00000157be76cf90 Exception <a 'java/lang/NoSuchMethodError'{0x00000000c4f50198}: 'java.lang.Object java.lang.invoke.DirectMethodHandle$Holder.invokeInterface(java.lang.Object, java.lang.Object)'> (0x00000000c4f50198) 
thrown [s\open\src\hotspot\share\interpreter\linkResolver.cpp, line 805]
Event: 4.054 Thread 0x00000157be76cf90 Exception <a 'java/lang/NoSuchMethodError'{0x00000000c4ffc390}: 'int java.lang.invoke.DirectMethodHandle$Holder.invokeStatic(java.lang.Object, java.lang.Object, java.lang.Object, java.lang.Object)'> (0x00000000c4ffc390) 
thrown [s\open\src\hotspot\share\interpreter\linkResolver.cpp, line 805]
Event: 4.087 Thread 0x00000157be76cf90 Exception <a 'java/lang/NoSuchMethodError'{0x00000000c4e263b8}: 'int java.lang.invoke.DirectMethodHandle$Holder.invokeSpecialIFC(java.lang.Object, java.lang.Object, java.lang.Object, java.lang.Object, java.lang.Object)'> (0x00000000c4e263b8) 
thrown [s\open\src\hotspot\share\interpreter\linkResolver.cpp, line 805]
Event: 4.570 Thread 0x00000157be76cf90 Exception <a 'java/lang/NoSuchMethodError'{0x00000000c4df3ec8}: 'java.lang.Object java.lang.invoke.DirectMethodHandle$Holder.newInvokeSpecial(java.lang.Object, java.lang.Object, java.lang.Object, java.lang.Object, java.lang.Object)'> (0x00000000c4df3ec8) 
thrown [s\open\src\hotspot\share\interpreter\linkResolver.cpp, line 805]
Event: 4.817 Thread 0x00000157be76cf90 Exception <a 'java/lang/NoSuchMethodError'{0x00000000c4b0f730}: 'int java.lang.invoke.DirectMethodHandle$Holder.invokeStaticInit(java.lang.Object, java.lang.Object)'> (0x00000000c4b0f730) 
thrown [s\open\src\hotspot\share\interpreter\linkResolver.cpp, line 805]
Event: 4.863 Thread 0x00000157be76cf90 Exception <a 'java/lang/NoClassDefFoundError'{0x00000000c4b49918}: javax/enterprise/inject/Typed> (0x00000000c4b49918) 
thrown [s\open\src\hotspot\share\classfile\systemDictionary.cpp, line 316]

VM Operations (6 events):
Event: 1.993 Executing VM operation: HandshakeAllThreads (Deoptimize)
Event: 1.993 Executing VM operation: HandshakeAllThreads (Deoptimize) done
Event: 2.248 Executing VM operation: HandshakeAllThreads (Deoptimize)
Event: 2.248 Executing VM operation: HandshakeAllThreads (Deoptimize) done
Event: 4.064 Executing VM operation: HandshakeAllThreads (Deoptimize)
Event: 4.064 Executing VM operation: HandshakeAllThreads (Deoptimize) done

Memory protections (0 events):
No events

Nmethod flushes (0 events):
No events

Events (13 events):
Event: 0.255 Thread 0x00000157be76cf90 Thread added: 0x00000157be76cf90
Event: 0.458 Thread 0x00000157be76cf90 Thread added: 0x00000157c0a2b1a0
Event: 0.459 Thread 0x00000157be76cf90 Thread added: 0x00000157c0a2dcb0
Event: 0.461 Thread 0x00000157be76cf90 Thread added: 0x00000157db9f27a0
Event: 0.461 Thread 0x00000157be76cf90 Thread added: 0x00000157db9f6ef0
Event: 0.461 Thread 0x00000157be76cf90 Thread added: 0x00000157db9f7630
Event: 0.461 Thread 0x00000157be76cf90 Thread added: 0x00000157db9f7d70
Event: 0.463 Thread 0x00000157be76cf90 Thread added: 0x00000157dba0ca90
Event: 0.463 Thread 0x00000157be76cf90 Thread added: 0x00000157dba0f230
Event: 0.514 Thread 0x00000157be76cf90 Thread added: 0x00000157dbb1ffe0
Event: 0.591 Thread 0x00000157be76cf90 Thread added: 0x00000157dbb2cf30
Event: 2.030 Thread 0x00000157be76cf90 Thread added: 0x0000015821580260
Event: 2.356 Thread 0x0000015821580260 Thread exited: 0x0000015821580260


Dynamic libraries:
0x00007ff7ea720000 - 0x00007ff7ea730000 	C:\Program Files\Java\jdk-24\bin\java.exe
0x00007ffa259f0000 - 0x00007ffa25be8000 	C:\Windows\SYSTEM32\ntdll.dll
0x00007ffa24760000 - 0x00007ffa24822000 	C:\Windows\System32\KERNEL32.DLL
0x00007ffa23440000 - 0x00007ffa23736000 	C:\Windows\System32\KERNELBASE.dll
0x00007ffa23860000 - 0x00007ffa23960000 	C:\Windows\System32\ucrtbase.dll
0x00007ffa17ff0000 - 0x00007ffa18006000 	C:\Program Files\Java\jdk-24\bin\jli.dll
0x00007ffa24950000 - 0x00007ffa24af1000 	C:\Windows\System32\USER32.dll
0x00007ffa232e0000 - 0x00007ffa23302000 	C:\Windows\System32\win32u.dll
0x00007ffa24890000 - 0x00007ffa248bb000 	C:\Windows\System32\GDI32.dll
0x00007ffa23740000 - 0x00007ffa23859000 	C:\Windows\System32\gdi32full.dll
0x00007ffa233a0000 - 0x00007ffa2343d000 	C:\Windows\System32\msvcp_win.dll
0x00007ffa17f50000 - 0x00007ffa17f6b000 	C:\Program Files\Java\jdk-24\bin\VCRUNTIME140.dll
0x00007ffa082f0000 - 0x00007ffa0858b000 	C:\Windows\WinSxS\amd64_microsoft.windows.common-controls_6595b64144ccf1df_6.0.19041.6456_none_60b8a6cb71f64256\COMCTL32.dll
0x00007ffa24b10000 - 0x00007ffa24bae000 	C:\Windows\System32\msvcrt.dll
0x00007ffa24dd0000 - 0x00007ffa24dff000 	C:\Windows\System32\IMM32.DLL
0x00007ffa1d8e0000 - 0x00007ffa1d8ec000 	C:\Program Files\Java\jdk-24\bin\vcruntime140_1.dll
0x00007ff9f7880000 - 0x00007ff9f790e000 	C:\Program Files\Java\jdk-24\bin\msvcp140.dll
0x00007ff9d5ba0000 - 0x00007ff9d6942000 	C:\Program Files\Java\jdk-24\bin\server\jvm.dll
0x00007ffa23ed0000 - 0x00007ffa23f81000 	C:\Windows\System32\ADVAPI32.dll
0x00007ffa23e30000 - 0x00007ffa23ecf000 	C:\Windows\System32\sechost.dll
0x00007ffa24e00000 - 0x00007ffa24f20000 	C:\Windows\System32\RPCRT4.dll
0x00007ffa23080000 - 0x00007ffa230a7000 	C:\Windows\System32\bcrypt.dll
0x00007ffa24c10000 - 0x00007ffa24c7b000 	C:\Windows\System32\WS2_32.dll
0x00007ffa22bf0000 - 0x00007ffa22c3b000 	C:\Windows\SYSTEM32\POWRPROF.dll
0x00007ffa18070000 - 0x00007ffa18097000 	C:\Windows\SYSTEM32\WINMM.dll
0x00007ffa1c750000 - 0x00007ffa1c75a000 	C:\Windows\SYSTEM32\VERSION.dll
0x00007ffa22bd0000 - 0x00007ffa22be2000 	C:\Windows\SYSTEM32\UMPDC.dll
0x00007ffa20ef0000 - 0x00007ffa20f02000 	C:\Windows\SYSTEM32\kernel.appcore.dll
0x00007ffa1bcf0000 - 0x00007ffa1bcfa000 	C:\Program Files\Java\jdk-24\bin\jimage.dll
0x00007ffa118d0000 - 0x00007ffa11ad1000 	C:\Windows\SYSTEM32\DBGHELP.DLL
0x00007ffa068b0000 - 0x00007ffa068e4000 	C:\Windows\SYSTEM32\dbgcore.DLL
0x00007ffa23310000 - 0x00007ffa23392000 	C:\Windows\System32\bcryptPrimitives.dll
0x00007ffa17ee0000 - 0x00007ffa17efe000 	C:\Program Files\Java\jdk-24\bin\java.dll
0x00007ffa24ca0000 - 0x00007ffa24dcb000 	C:\Windows\System32\ole32.dll
0x00007ffa25060000 - 0x00007ffa253b4000 	C:\Windows\System32\combase.dll
0x00007ffa23ff0000 - 0x00007ffa24760000 	C:\Windows\System32\SHELL32.dll
0x00007ffa210f0000 - 0x00007ffa21895000 	C:\Windows\SYSTEM32\windows.storage.dll
0x00007ffa22a40000 - 0x00007ffa22a6b000 	C:\Windows\SYSTEM32\Wldp.dll
0x00007ffa258e0000 - 0x00007ffa259ad000 	C:\Windows\System32\OLEAUT32.dll
0x00007ffa25830000 - 0x00007ffa258dd000 	C:\Windows\System32\SHCORE.dll
0x00007ffa23dd0000 - 0x00007ffa23e2b000 	C:\Windows\System32\shlwapi.dll
0x00007ffa22fb0000 - 0x00007ffa22fd4000 	C:\Windows\SYSTEM32\profapi.dll
0x00007ff9f5f30000 - 0x00007ff9f6007000 	C:\Program Files\Java\jdk-24\bin\jsvml.dll
0x00007ffa193d0000 - 0x00007ffa193e0000 	C:\Program Files\Java\jdk-24\bin\net.dll
0x00007ffa22730000 - 0x00007ffa2279a000 	C:\Windows\system32\mswsock.dll
0x00007ffa0d560000 - 0x00007ffa0d576000 	C:\Program Files\Java\jdk-24\bin\nio.dll
0x00007ffa17ec0000 - 0x00007ffa17ed7000 	C:\Program Files\Java\jdk-24\bin\zip.dll
0x00007ff9ffae0000 - 0x00007ff9ffb04000 	N:\Selenium_csWsp\apache-maven-3.9.11-bin\apache-maven-3.9.11\lib\jansi-native\Windows\x86_64\jansi.dll
0x00007ffa138c0000 - 0x00007ffa138d0000 	C:\Program Files\Java\jdk-24\bin\verify.dll

JVMTI agents: none

dbghelp: loaded successfully - version: 4.0.5 - missing functions: none
symbol engine: initialized successfully - sym options: 0x614 - pdb path: .;C:\Program Files\Java\jdk-24\bin;C:\Windows\SYSTEM32;C:\Windows\WinSxS\amd64_microsoft.windows.common-controls_6595b64144ccf1df_6.0.19041.6456_none_60b8a6cb71f64256;C:\Program Files\Java\jdk-24\bin\server;N:\Selenium_csWsp\apache-maven-3.9.11-bin\apache-maven-3.9.11\lib\jansi-native\Windows\x86_64

VM Arguments:
jvm_args: --enable-native-access=ALL-UNNAMED -Dclassworlds.conf=N:\Selenium_csWsp\apache-maven-3.9.11-bin\apache-maven-3.9.11\bin\m2.conf -Dmaven.home=N:\Selenium_csWsp\apache-maven-3.9.11-bin\apache-maven-3.9.11 -Dlibrary.jansi.path=N:\Selenium_csWsp\apache-maven-3.9.11-bin\apache-maven-3.9.11\lib\jansi-native -Dmaven.multiModuleProjectDirectory=N:\Kanishka\Demo 
java_command: org.codehaus.plexus.classworlds.launcher.Launcher test -Dtest=test .area.AddAreaSuccessTest
java_class_path (initial): N:\Selenium_csWsp\apache-maven-3.9.11-bin\apache-maven-3.9.11\boot\plexus-classworlds-2.9.0.jar
Launcher Type: SUN_STANDARD

[Global flags]
     intx CICompilerCount                          = 3                                         {product} {ergonomic}
     uint ConcGCThreads                            = 1                                         {product} {ergonomic}
     uint G1ConcRefinementThreads                  = 4                                         {product} {ergonomic}
   size_t G1HeapRegionSize                         = 1048576                                   {product} {ergonomic}
   size_t InitialHeapSize                          = 67108864                                  {product} {ergonomic}
   size_t MarkStackSize                            = 4194304                                   {product} {ergonomic}
   size_t MarkStackSizeMax                         = 536870912                                 {product} {ergonomic}
   size_t MaxHeapSize                              = 1042284544                                {product} {ergonomic}
   size_t MaxNewSize                               = 624951296                                 {product} {ergonomic}
   size_t MinHeapDeltaBytes                        = 1048576                                   {product} {ergonomic}
   size_t MinHeapSize                              = 8388608                                   {product} {ergonomic}
    uintx NonNMethodCodeHeapSize                   = 5832704                                {pd product} {ergonomic}
    uintx NonProfiledCodeHeapSize                  = 122945536                              {pd product} {ergonomic}
    uintx ProfiledCodeHeapSize                     = 122880000                              {pd product} {ergonomic}
    uintx ReservedCodeCacheSize                    = 251658240                              {pd product} {ergonomic}
     bool SegmentedCodeCache                       = true                                      {product} {ergonomic}
   size_t SoftMaxHeapSize                          = 1042284544                             {manageable} {ergonomic}
     bool UseCompressedOops                        = true                           {product lp64_product} {ergonomic}
     bool UseG1GC                                  = true                                      {product} {ergonomic}
     bool UseLargePagesIndividualAllocation        = false                                  {pd product} {ergonomic}

Logging:
Log output configuration:
 #0: stdout all=warning uptime,level,tags foldmultilines=false
 #1: stderr all=off uptime,level,tags foldmultilines=false

Environment Variables:
JAVA_HOME=C:\Program Files\Java\jdk-24
PATH=C:\oraclexe\app\oracle\product\11.2.0\server\bin;C:\Program Files\Common Files\Oracle\Java\javapath;C:\Windows\system32;C:\Windows;C:\Windows\System32\Wbem;C:\Windows\System32\WindowsPowerShell\v1.0\;C:\Windows\System32\OpenSSH\;C:\Program Files\Java\jdk-24\bin;N:\Selenium_csWsp\apache-maven-3.9.11-bin\apache-maven-3.9.11\bin;C:\Program Files\nodejs\;C:\Program Files\nodejs\node_modules;C:\Program Files\Git\cmd;C:\Users\LENOVO\AppData\Local\Microsoft\WindowsApps;C:\Users\LENOVO\AppData\Roaming\npm;C:\Users\LENOVO\AppData\Local\Programs\cursor\resources\app\bin;C:\Users\LENOVO\AppData\Local\Programs\Antigravity\bin
USERNAME=LENOVO
OS=Windows_NT
PROCESSOR_IDENTIFIER=Intel64 Family 6 Model 78 Stepping 3, GenuineIntel
TMP=C:\Users\LENOVO\AppData\Local\Temp
TEMP=C:\Users\LENOVO\AppData\Local\Temp




Periodic native trim disabled

---------------  S Y S T E M  ---------------

OS:
 Windows 10 , 64 bit Build 19041 (10.0.19041.5915)
OS uptime: 44 days 23:42 hours

CPU: total 4 (initial active 4) (2 cores per cpu, 2 threads per core) family 6 model 78 stepping 3 microcode 0xcc, cx8, cmov, fxsr, ht, mmx, 3dnowpref, sse, sse2, sse3, ssse3, sse4.1, sse4.2, popcnt, lzcnt, tsc, tscinvbit, avx, avx2, aes, erms, clmul, bmi1, bmi2, adx, fma, vzeroupper, clflush, clflushopt, rdtscp, f16c
Processor Information for the first 4 processors :
  Max Mhz: 1992, Current Mhz: 1992, Mhz Limit: 1992

Memory: 4k page, system-wide physical 3970M (178M free)
TotalPageFile size 16258M (AvailPageFile size 5M)
current process WorkingSet (physical memory assigned to process): 89M, peak: 89M
current process commit charge ("private bytes"): 156M, peak: 160M

vm_info: Java HotSpot(TM) 64-Bit Server VM (24.0.1+9-30) for windows-amd64 JRE (24.0.1+9-30), built on 2025-03-05T07:23:45Z with MS VC++ 17.6 (VS2022)

END.
