#
# There is insufficient memory for the Java Runtime Environment to continue.
# Native memory allocation (malloc) failed to allocate 1103248 bytes. Error detail: Chunk::new
# Possible reasons:
#   The system is out of physical RAM or swap space
#   This process is running with CompressedOops enabled, and the Java Heap may be blocking the growth of the native heap
# Possible solutions:
#   Reduce memory load on the system
#   Increase physical memory or swap space
#   Check if swap backing store is full
#   Decrease Java heap size (-Xmx/-Xms)
#   Decrease number of Java threads
#   Decrease Java thread stack sizes (-Xss)
#   Set larger code cache with -XX:ReservedCodeCacheSize=
#   JVM is running with Unscaled Compressed Oops mode in which the Java heap is
#     placed in the first 4GB address space. The Java Heap base address is the
#     maximum limit for the native heap growth. Please use -XX:HeapBaseMinAddress
#     to set the Java Heap base and to place the Java Heap above 4GB virtual address.
# This output file may be truncated or incomplete.
#
#  Out of Memory Error (arena.cpp:162), pid=5952, tid=9068
#
# JRE version: Java(TM) SE Runtime Environment (24.0.1+9) (build 24.0.1+9-30)
# Java VM: Java HotSpot(TM) 64-Bit Server VM (24.0.1+9-30, mixed mode, sharing, tiered, compressed oops, compressed class ptrs, g1 gc, windows-amd64)
# No core dump will be written. Minidumps are not enabled by default on client versions of Windows
#

---------------  S U M M A R Y ------------

Command Line: C:\Users\LENOVO\AppData\Local\Temp\surefire5915856444340717841\surefirebooter-20260313141907630_3.jar C:\Users\LENOVO\AppData\Local\Temp\surefire5915856444340717841 2026-03-13T14-19-06_423-jvmRun1 surefire-20260313141907630_1tmp surefire_0-20260313141907630_2tmp

Host: Intel(R) Core(TM) i3-6006U CPU @ 2.00GHz, 4 cores, 3G,  Windows 10 , 64 bit Build 19041 (10.0.19041.5915)
Time: Fri Mar 13 14:20:41 2026 India Standard Time elapsed time: 92.692587 seconds (0d 0h 1m 32s)

---------------  T H R E A D  ---------------

Current thread (0x0000013fc7a29500):  JavaThread "C2 CompilerThread0" daemon [_thread_in_native, id=9068, stack(0x0000002658600000,0x0000002658700000) (1024K)]


Current CompileTask:
C2:92692 3753       4       jdk.internal.net.http.common.SequentialScheduler::runOrSchedule (100 bytes)

Stack: [0x0000002658600000,0x0000002658700000]
Native frames: (J=compiled Java code, j=interpreted, Vv=VM code, C=native code)
V  [jvm.dll+0x730739]  (no source info available)
V  [jvm.dll+0x8d9b23]  (no source info available)
V  [jvm.dll+0x8dc00d]  (no source info available)
V  [jvm.dll+0x8dc683]  (no source info available)
V  [jvm.dll+0x2aa086]  (no source info available)
V  [jvm.dll+0xcedef]  (no source info available)
V  [jvm.dll+0xcf04f]  (no source info available)
V  [jvm.dll+0x154d83]  (no source info available)
V  [jvm.dll+0x735f5f]  (no source info available)
V  [jvm.dll+0x26fa1c]  (no source info available)
V  [jvm.dll+0x26ea3f]  (no source info available)
V  [jvm.dll+0x1e9d60]  (no source info available)
V  [jvm.dll+0x27e1fb]  (no source info available)
V  [jvm.dll+0x27c49a]  (no source info available)
V  [jvm.dll+0x42f456]  (no source info available)
V  [jvm.dll+0x87d76b]  (no source info available)
V  [jvm.dll+0x72ee55]  (no source info available)
C  [ucrtbase.dll+0x21bb2]  (no source info available)
C  [KERNEL32.DLL+0x17374]  (no source info available)
C  [ntdll.dll+0x4cc91]  (no source info available)

Lock stack of current Java thread (top to bottom):


---------------  P R O C E S S  ---------------

Threads class SMR info:
_java_thread_list=0x000001400d9f12d0, length=22, elements={
0x0000013faa7cda20, 0x0000013faca5e1f0, 0x0000013fc7a227c0, 0x0000013fc7a24500,
0x0000013fc7a27040, 0x0000013fc7a27b70, 0x0000013fc7a286a0, 0x0000013fc7a29500,
0x0000013fc7a617d0, 0x0000013fc7abac40, 0x0000013fc7abbb90, 0x000001400d083790,
0x000001400d362690, 0x000001400e1d75c0, 0x000001400d9b7dc0, 0x000001400dccd320,
0x000001400dd15070, 0x000001400dd14920, 0x000001400dd157c0, 0x000001400dd15f10,
0x000001400dd16660, 0x000001400dd141d0
}

Java Threads: ( => current thread )
  0x0000013faa7cda20 JavaThread "main"                              [_thread_blocked, id=16728, stack(0x0000002657800000,0x0000002657900000) (1024K)]
  0x0000013faca5e1f0 JavaThread "Reference Handler"          daemon [_thread_blocked, id=8080, stack(0x0000002658000000,0x0000002658100000) (1024K)]
  0x0000013fc7a227c0 JavaThread "Finalizer"                  daemon [_thread_blocked, id=12748, stack(0x0000002658100000,0x0000002658200000) (1024K)]
  0x0000013fc7a24500 JavaThread "Signal Dispatcher"          daemon [_thread_blocked, id=12784, stack(0x0000002658200000,0x0000002658300000) (1024K)]
  0x0000013fc7a27040 JavaThread "Attach Listener"            daemon [_thread_blocked, id=13780, stack(0x0000002658300000,0x0000002658400000) (1024K)]
  0x0000013fc7a27b70 JavaThread "Service Thread"             daemon [_thread_blocked, id=17060, stack(0x0000002658400000,0x0000002658500000) (1024K)]
  0x0000013fc7a286a0 JavaThread "Monitor Deflation Thread"   daemon [_thread_blocked, id=18988, stack(0x0000002658500000,0x0000002658600000) (1024K)]
=>0x0000013fc7a29500 JavaThread "C2 CompilerThread0"         daemon [_thread_in_native, id=9068, stack(0x0000002658600000,0x0000002658700000) (1024K)]
  0x0000013fc7a617d0 JavaThread "C1 CompilerThread0"         daemon [_thread_blocked, id=4456, stack(0x0000002658700000,0x0000002658800000) (1024K)]
  0x0000013fc7abac40 JavaThread "Notification Thread"        daemon [_thread_blocked, id=10652, stack(0x0000002658800000,0x0000002658900000) (1024K)]
  0x0000013fc7abbb90 JavaThread "Common-Cleaner"             daemon [_thread_blocked, id=10876, stack(0x0000002658900000,0x0000002658a00000) (1024K)]
  0x000001400d083790 JavaThread "surefire-forkedjvm-stream-flusher" daemon [_thread_blocked, id=708, stack(0x0000002658a00000,0x0000002658b00000) (1024K)]
  0x000001400d362690 JavaThread "surefire-forkedjvm-command-thread" daemon [_thread_in_native, id=860, stack(0x0000002658b00000,0x0000002658c00000) (1024K)]
  0x000001400e1d75c0 JavaThread "HttpClient-1-SelectorManager" daemon [_thread_in_native, id=2276, stack(0x0000002659000000,0x0000002659100000) (1024K)]
  0x000001400d9b7dc0 JavaThread "External Process Output Forwarder - C:\Users\LENOVO\.cache\selenium\chromedriver\win64\145.0.7632.117\chromedriver.exe" daemon [_thread_in_native, id=4496, stack(0x0000002659100000,0x0000002659200000) (1024K)]
  0x000001400dccd320 JavaThread "Driver Service Executor"    daemon [_thread_blocked, id=17380, stack(0x0000002659200000,0x0000002659300000) (1024K)]
  0x000001400dd15070 JavaThread "Driver Service Executor"    daemon [_thread_blocked, id=10980, stack(0x0000002659300000,0x0000002659400000) (1024K)]
  0x000001400dd14920 JavaThread "JdkHttpClient-0-0"          daemon [_thread_blocked, id=15980, stack(0x0000002659700000,0x0000002659800000) (1024K)]
  0x000001400dd157c0 JavaThread "CompletableFutureDelayScheduler" daemon [_thread_blocked, id=16244, stack(0x0000002659800000,0x0000002659900000) (1024K)]
  0x000001400dd15f10 JavaThread "JdkHttpClient-0-1"          daemon [_thread_blocked, id=18528, stack(0x0000002659900000,0x0000002659a00000) (1024K)]
  0x000001400dd16660 JavaThread "JdkHttpClient-0-3"          daemon [_thread_blocked, id=16392, stack(0x0000002659b00000,0x0000002659c00000) (1024K)]
  0x000001400dd141d0 JavaThread "HttpClient-2-SelectorManager" daemon [_thread_in_native, id=5584, stack(0x0000002659600000,0x0000002659700000) (1024K)]
Total: 22

Other Threads:
  0x0000013faca52620 VMThread "VM Thread"                           [id=12400, stack(0x0000002657f00000,0x0000002658000000) (1024K)]
  0x0000013faca48180 WatcherThread "VM Periodic Task Thread"        [id=14280, stack(0x0000002657e00000,0x0000002657f00000) (1024K)]
  0x0000013fac9c7f70 WorkerThread "GC Thread#0"                     [id=9564, stack(0x0000002657900000,0x0000002657a00000) (1024K)]
  0x000001400db49d80 WorkerThread "GC Thread#1"                     [id=6760, stack(0x0000002658c00000,0x0000002658d00000) (1024K)]
  0x000001400d0fd500 WorkerThread "GC Thread#2"                     [id=976, stack(0x0000002658d00000,0x0000002658e00000) (1024K)]
  0x000001400d0e17d0 WorkerThread "GC Thread#3"                     [id=17000, stack(0x0000002658e00000,0x0000002658f00000) (1024K)]
  0x0000013fac9d2b10 ConcurrentGCThread "G1 Main Marker"            [id=9320, stack(0x0000002657a00000,0x0000002657b00000) (1024K)]
  0x0000013fac9d4630 WorkerThread "G1 Conc#0"                       [id=4764, stack(0x0000002657b00000,0x0000002657c00000) (1024K)]
  0x0000013faca31f00 ConcurrentGCThread "G1 Refine#0"               [id=16724, stack(0x0000002657c00000,0x0000002657d00000) (1024K)]
  0x0000013faca32a80 ConcurrentGCThread "G1 Service"                [id=9568, stack(0x0000002657d00000,0x0000002657e00000) (1024K)]
Total: 10

Threads with active compile tasks:
C2 CompilerThread0  93244 3753       4       jdk.internal.net.http.common.SequentialScheduler::runOrSchedule (100 bytes)
Total: 1

VM state: not at safepoint (normal execution)

VM Mutex/Monitor currently owned by a thread: None

Heap address: 0x00000000c1e00000, size: 994 MB, Compressed Oops mode: 32-bit

CDS archive(s) mapped at: [0x0000013fc8000000-0x0000013fc8d40000-0x0000013fc8d40000), size 13893632, SharedBaseAddress: 0x0000013fc8000000, ArchiveRelocationMode: 1.
Compressed class space mapped at: 0x0000013fc9000000-0x0000014009000000, reserved size: 1073741824
UseCompressedClassPointers 1, UseCompactObjectHeaders 0
Narrow klass pointer bits 32, Max shift 3
Narrow klass base: 0x0000013fc8000000, Narrow klass shift: 0
Encoding Range: [0x0000013fc8000000 - 0x00000140c8000000), (4294967296 bytes)
Klass Range:    [0x0000013fc8000000 - 0x0000014009000000), (1090519040 bytes)
Klass ID Range:  [8 - 1090519033) (1090519025)

GC Precious Log:
 CardTable entry size: 512
 Card Set container configuration: InlinePtr #cards 5 size 8 Array Of Cards #cards 10 size 36 Howl #buckets 4 coarsen threshold 1843 Howl Bitmap #cards 512 size 80 coarsen threshold 460 Card regions per heap region 1 cards per card region 2048
 CPUs: 4 total, 4 available
 Memory: 3970M
 Large Page Support: Disabled
 NUMA Support: Disabled
 Compressed Oops: Enabled (32-bit)
 Heap Region Size: 1M
 Heap Min Capacity: 8M
 Heap Initial Capacity: 64M
 Heap Max Capacity: 994M
 Pre-touch: Disabled
 Parallel Workers: 4
 Concurrent Workers: 1
 Concurrent Refinement Workers: 4
 Periodic GC: Disabled

Heap:
 garbage-first heap   total reserved 1017856K, committed 67584K, used 31205K [0x00000000c1e00000, 0x0000000100000000)
  region size 1024K, 26 young (26624K), 3 survivors (3072K)
 Metaspace       used 17747K, committed 18112K, reserved 1114112K
  class space    used 1762K, committed 1920K, reserved 1048576K

Heap Regions: E=young(eden), S=young(survivor), O=old, HS=humongous(starts), HC=humongous(continues), CS=collection set, F=free, TAMS=top-at-mark-start, PB=parsable bottom
|   0|0x00000000c1e00000, 0x00000000c1f00000, 0x00000000c1f00000|100%|HS|  |TAMS 0x00000000c1e00000| PB 0x00000000c1e00000| Complete |  0
|   1|0x00000000c1f00000, 0x00000000c2000000, 0x00000000c2000000|100%| O|  |TAMS 0x00000000c1f00000| PB 0x00000000c1f00000| Untracked |  0
|   2|0x00000000c2000000, 0x00000000c2100000, 0x00000000c2100000|100%| O|  |TAMS 0x00000000c2000000| PB 0x00000000c2000000| Untracked |  0
|   3|0x00000000c2100000, 0x00000000c2200000, 0x00000000c2200000|100%| O|  |TAMS 0x00000000c2100000| PB 0x00000000c2100000| Untracked |  0
|   4|0x00000000c2200000, 0x00000000c2300000, 0x00000000c2300000|100%| O|  |TAMS 0x00000000c2200000| PB 0x00000000c2200000| Untracked |  0
|   5|0x00000000c2300000, 0x00000000c235c340, 0x00000000c2400000| 36%| O|  |TAMS 0x00000000c2300000| PB 0x00000000c2300000| Untracked |  0
|   6|0x00000000c2400000, 0x00000000c2400000, 0x00000000c2500000|  0%| F|  |TAMS 0x00000000c2400000| PB 0x00000000c2400000| Untracked |  0
|   7|0x00000000c2500000, 0x00000000c2500000, 0x00000000c2600000|  0%| F|  |TAMS 0x00000000c2500000| PB 0x00000000c2500000| Untracked |  0
|   8|0x00000000c2600000, 0x00000000c2600000, 0x00000000c2700000|  0%| F|  |TAMS 0x00000000c2600000| PB 0x00000000c2600000| Untracked |  0
|   9|0x00000000c2700000, 0x00000000c2700000, 0x00000000c2800000|  0%| F|  |TAMS 0x00000000c2700000| PB 0x00000000c2700000| Untracked |  0
|  10|0x00000000c2800000, 0x00000000c2800000, 0x00000000c2900000|  0%| F|  |TAMS 0x00000000c2800000| PB 0x00000000c2800000| Untracked |  0
|  11|0x00000000c2900000, 0x00000000c2900000, 0x00000000c2a00000|  0%| F|  |TAMS 0x00000000c2900000| PB 0x00000000c2900000| Untracked |  0
|  12|0x00000000c2a00000, 0x00000000c2a00000, 0x00000000c2b00000|  0%| F|  |TAMS 0x00000000c2a00000| PB 0x00000000c2a00000| Untracked |  0
|  13|0x00000000c2b00000, 0x00000000c2b00000, 0x00000000c2c00000|  0%| F|  |TAMS 0x00000000c2b00000| PB 0x00000000c2b00000| Untracked |  0
|  14|0x00000000c2c00000, 0x00000000c2c00000, 0x00000000c2d00000|  0%| F|  |TAMS 0x00000000c2c00000| PB 0x00000000c2c00000| Untracked |  0
|  15|0x00000000c2d00000, 0x00000000c2d00000, 0x00000000c2e00000|  0%| F|  |TAMS 0x00000000c2d00000| PB 0x00000000c2d00000| Untracked |  0
|  16|0x00000000c2e00000, 0x00000000c2e00000, 0x00000000c2f00000|  0%| F|  |TAMS 0x00000000c2e00000| PB 0x00000000c2e00000| Untracked |  0
|  17|0x00000000c2f00000, 0x00000000c2f00000, 0x00000000c3000000|  0%| F|  |TAMS 0x00000000c2f00000| PB 0x00000000c2f00000| Untracked |  0
|  18|0x00000000c3000000, 0x00000000c3000000, 0x00000000c3100000|  0%| F|  |TAMS 0x00000000c3000000| PB 0x00000000c3000000| Untracked |  0
|  19|0x00000000c3100000, 0x00000000c3100000, 0x00000000c3200000|  0%| F|  |TAMS 0x00000000c3100000| PB 0x00000000c3100000| Untracked |  0
|  20|0x00000000c3200000, 0x00000000c3200000, 0x00000000c3300000|  0%| F|  |TAMS 0x00000000c3200000| PB 0x00000000c3200000| Untracked |  0
|  21|0x00000000c3300000, 0x00000000c3300000, 0x00000000c3400000|  0%| F|  |TAMS 0x00000000c3300000| PB 0x00000000c3300000| Untracked |  0
|  22|0x00000000c3400000, 0x00000000c3400000, 0x00000000c3500000|  0%| F|  |TAMS 0x00000000c3400000| PB 0x00000000c3400000| Untracked |  0
|  23|0x00000000c3500000, 0x00000000c3500000, 0x00000000c3600000|  0%| F|  |TAMS 0x00000000c3500000| PB 0x00000000c3500000| Untracked |  0
|  24|0x00000000c3600000, 0x00000000c3600000, 0x00000000c3700000|  0%| F|  |TAMS 0x00000000c3600000| PB 0x00000000c3600000| Untracked |  0
|  25|0x00000000c3700000, 0x00000000c3700000, 0x00000000c3800000|  0%| F|  |TAMS 0x00000000c3700000| PB 0x00000000c3700000| Untracked |  0
|  26|0x00000000c3800000, 0x00000000c3800000, 0x00000000c3900000|  0%| F|  |TAMS 0x00000000c3800000| PB 0x00000000c3800000| Untracked |  0
|  27|0x00000000c3900000, 0x00000000c3900000, 0x00000000c3a00000|  0%| F|  |TAMS 0x00000000c3900000| PB 0x00000000c3900000| Untracked |  0
|  28|0x00000000c3a00000, 0x00000000c3b00000, 0x00000000c3b00000|100%| S|CS|TAMS 0x00000000c3a00000| PB 0x00000000c3a00000| Complete |  0
|  29|0x00000000c3b00000, 0x00000000c3c00000, 0x00000000c3c00000|100%| S|CS|TAMS 0x00000000c3b00000| PB 0x00000000c3b00000| Complete |  0
|  30|0x00000000c3c00000, 0x00000000c3d00000, 0x00000000c3d00000|100%| S|CS|TAMS 0x00000000c3c00000| PB 0x00000000c3c00000| Complete |  0
|  31|0x00000000c3d00000, 0x00000000c3d00000, 0x00000000c3e00000|  0%| F|  |TAMS 0x00000000c3d00000| PB 0x00000000c3d00000| Untracked |  0
|  32|0x00000000c3e00000, 0x00000000c3e00000, 0x00000000c3f00000|  0%| F|  |TAMS 0x00000000c3e00000| PB 0x00000000c3e00000| Untracked |  0
|  33|0x00000000c3f00000, 0x00000000c3f00000, 0x00000000c4000000|  0%| F|  |TAMS 0x00000000c3f00000| PB 0x00000000c3f00000| Untracked |  0
|  34|0x00000000c4000000, 0x00000000c4000000, 0x00000000c4100000|  0%| F|  |TAMS 0x00000000c4000000| PB 0x00000000c4000000| Untracked |  0
|  35|0x00000000c4100000, 0x00000000c4100000, 0x00000000c4200000|  0%| F|  |TAMS 0x00000000c4100000| PB 0x00000000c4100000| Untracked |  0
|  36|0x00000000c4200000, 0x00000000c4200000, 0x00000000c4300000|  0%| F|  |TAMS 0x00000000c4200000| PB 0x00000000c4200000| Untracked |  0
|  37|0x00000000c4300000, 0x00000000c4300000, 0x00000000c4400000|  0%| F|  |TAMS 0x00000000c4300000| PB 0x00000000c4300000| Untracked |  0
|  38|0x00000000c4400000, 0x00000000c4400000, 0x00000000c4500000|  0%| F|  |TAMS 0x00000000c4400000| PB 0x00000000c4400000| Untracked |  0
|  39|0x00000000c4500000, 0x00000000c4500000, 0x00000000c4600000|  0%| F|  |TAMS 0x00000000c4500000| PB 0x00000000c4500000| Untracked |  0
|  40|0x00000000c4600000, 0x00000000c4600000, 0x00000000c4700000|  0%| F|  |TAMS 0x00000000c4600000| PB 0x00000000c4600000| Untracked |  0
|  41|0x00000000c4700000, 0x00000000c47f1c20, 0x00000000c4800000| 94%| E|  |TAMS 0x00000000c4700000| PB 0x00000000c4700000| Complete |  0
|  42|0x00000000c4800000, 0x00000000c4900000, 0x00000000c4900000|100%| E|CS|TAMS 0x00000000c4800000| PB 0x00000000c4800000| Complete |  0
|  43|0x00000000c4900000, 0x00000000c4a00000, 0x00000000c4a00000|100%| E|CS|TAMS 0x00000000c4900000| PB 0x00000000c4900000| Complete |  0
|  44|0x00000000c4a00000, 0x00000000c4b00000, 0x00000000c4b00000|100%| E|CS|TAMS 0x00000000c4a00000| PB 0x00000000c4a00000| Complete |  0
|  45|0x00000000c4b00000, 0x00000000c4c00000, 0x00000000c4c00000|100%| E|CS|TAMS 0x00000000c4b00000| PB 0x00000000c4b00000| Complete |  0
|  46|0x00000000c4c00000, 0x00000000c4d00000, 0x00000000c4d00000|100%| E|CS|TAMS 0x00000000c4c00000| PB 0x00000000c4c00000| Complete |  0
|  47|0x00000000c4d00000, 0x00000000c4e00000, 0x00000000c4e00000|100%| E|CS|TAMS 0x00000000c4d00000| PB 0x00000000c4d00000| Complete |  0
|  48|0x00000000c4e00000, 0x00000000c4f00000, 0x00000000c4f00000|100%| E|CS|TAMS 0x00000000c4e00000| PB 0x00000000c4e00000| Complete |  0
|  49|0x00000000c4f00000, 0x00000000c5000000, 0x00000000c5000000|100%| E|CS|TAMS 0x00000000c4f00000| PB 0x00000000c4f00000| Complete |  0
|  50|0x00000000c5000000, 0x00000000c5100000, 0x00000000c5100000|100%| E|CS|TAMS 0x00000000c5000000| PB 0x00000000c5000000| Complete |  0
|  51|0x00000000c5100000, 0x00000000c5200000, 0x00000000c5200000|100%| E|  |TAMS 0x00000000c5100000| PB 0x00000000c5100000| Complete |  0
|  52|0x00000000c5200000, 0x00000000c5300000, 0x00000000c5300000|100%| E|CS|TAMS 0x00000000c5200000| PB 0x00000000c5200000| Complete |  0
|  53|0x00000000c5300000, 0x00000000c5400000, 0x00000000c5400000|100%| E|CS|TAMS 0x00000000c5300000| PB 0x00000000c5300000| Complete |  0
|  54|0x00000000c5400000, 0x00000000c5500000, 0x00000000c5500000|100%| E|CS|TAMS 0x00000000c5400000| PB 0x00000000c5400000| Complete |  0
|  55|0x00000000c5500000, 0x00000000c5600000, 0x00000000c5600000|100%| E|CS|TAMS 0x00000000c5500000| PB 0x00000000c5500000| Complete |  0
|  56|0x00000000c5600000, 0x00000000c5700000, 0x00000000c5700000|100%| E|CS|TAMS 0x00000000c5600000| PB 0x00000000c5600000| Complete |  0
|  57|0x00000000c5700000, 0x00000000c5800000, 0x00000000c5800000|100%| E|CS|TAMS 0x00000000c5700000| PB 0x00000000c5700000| Complete |  0
|  58|0x00000000c5800000, 0x00000000c5900000, 0x00000000c5900000|100%| E|CS|TAMS 0x00000000c5800000| PB 0x00000000c5800000| Complete |  0
|  59|0x00000000c5900000, 0x00000000c5a00000, 0x00000000c5a00000|100%| E|CS|TAMS 0x00000000c5900000| PB 0x00000000c5900000| Complete |  0
|  60|0x00000000c5a00000, 0x00000000c5b00000, 0x00000000c5b00000|100%| E|CS|TAMS 0x00000000c5a00000| PB 0x00000000c5a00000| Complete |  0
|  61|0x00000000c5b00000, 0x00000000c5c00000, 0x00000000c5c00000|100%| E|CS|TAMS 0x00000000c5b00000| PB 0x00000000c5b00000| Complete |  0
|  62|0x00000000c5c00000, 0x00000000c5d00000, 0x00000000c5d00000|100%| E|CS|TAMS 0x00000000c5c00000| PB 0x00000000c5c00000| Complete |  0
|  63|0x00000000c5d00000, 0x00000000c5e00000, 0x00000000c5e00000|100%| E|CS|TAMS 0x00000000c5d00000| PB 0x00000000c5d00000| Complete |  0
| 992|0x00000000ffe00000, 0x00000000fff00000, 0x00000000fff00000|100%| O|  |TAMS 0x00000000ffe00000| PB 0x00000000ffe00000| Untracked |  0
| 993|0x00000000fff00000, 0x00000000fff1d1c0, 0x0000000100000000| 11%| O|  |TAMS 0x00000000fff00000| PB 0x00000000fff00000| Untracked |  0

Card table byte_map: [0x0000013fc4440000,0x0000013fc4640000] _byte_map_base: 0x0000013fc3e31000

Marking Bits: (CMBitMap*) 0x0000013fac9c8680
 Bits: [0x0000013fc4640000, 0x0000013fc55c8000)

Polling page: 0x0000013faaa30000

Metaspace:

Usage:
  Non-class:     15.61 MB used.
      Class:      1.72 MB used.
       Both:     17.33 MB used.

Virtual space:
  Non-class space:       64.00 MB reserved,      15.81 MB ( 25%) committed,  1 nodes.
      Class space:        1.00 GB reserved,       1.88 MB ( <1%) committed,  1 nodes.
             Both:        1.06 GB reserved,      17.69 MB (  2%) committed. 

Chunk freelists:
   Non-Class:  112.00 KB
       Class:  14.17 MB
        Both:  14.28 MB

MaxMetaspaceSize: unlimited
CompressedClassSpaceSize: 1.00 GB
Initial GC threshold: 21.00 MB
Current GC threshold: 21.00 MB
CDS: on
 - commit_granule_bytes: 65536.
 - commit_granule_words: 8192.
 - virtual_space_node_default_size: 8388608.
 - enlarge_chunks_in_place: 1.
UseCompressedClassPointers 1, UseCompactObjectHeaders 0
Narrow klass pointer bits 32, Max shift 3
Narrow klass base: 0x0000013fc8000000, Narrow klass shift: 0
Encoding Range: [0x0000013fc8000000 - 0x00000140c8000000), (4294967296 bytes)
Klass Range:    [0x0000013fc8000000 - 0x0000014009000000), (1090519040 bytes)
Klass ID Range:  [8 - 1090519033) (1090519025)


Internal statistics:

num_allocs_failed_limit: 0.
num_arena_births: 332.
num_arena_deaths: 0.
num_vsnodes_births: 2.
num_vsnodes_deaths: 0.
num_space_committed: 283.
num_space_uncommitted: 0.
num_chunks_returned_to_freelist: 0.
num_chunks_taken_from_freelist: 824.
num_chunk_merges: 0.
num_chunk_splits: 492.
num_chunks_enlarged: 311.
num_inconsistent_stats: 0.

CodeHeap 'non-profiled nmethods': size=120064Kb used=1120Kb max_used=1120Kb free=118943Kb
 bounds [0x0000013fbcd00000, 0x0000013fbcf70000, 0x0000013fc4240000]
CodeHeap 'profiled nmethods': size=120000Kb used=6605Kb max_used=6605Kb free=113394Kb
 bounds [0x0000013fb5240000, 0x0000013fb58c0000, 0x0000013fbc770000]
CodeHeap 'non-nmethods': size=5696Kb used=1429Kb max_used=1489Kb free=4266Kb
 bounds [0x0000013fbc770000, 0x0000013fbc9e0000, 0x0000013fbcd00000]
CodeCache: size=245760Kb, used=9154Kb, max_used=9214Kb, free=236603Kb
 total_blobs=4339, nmethods=3750, adapters=493, full_count=0
Compilation: enabled, stopped_count=0, restarted_count=0

Compilation events (20 events):
Event: 90.924 Thread 0x0000013fc7a617d0 nmethod 3743 0x0000013fb58add88 code [0x0000013fb58adea0, 0x0000013fb58ae138]
Event: 90.924 Thread 0x0000013fc7a617d0 3744       3       org.openqa.selenium.json.JsonOutput$$Lambda/0x0000013fc9123720::test (12 bytes)
Event: 90.924 Thread 0x0000013fc7a617d0 nmethod 3744 0x0000013fb58ae188 code [0x0000013fb58ae2a0, 0x0000013fb58ae538]
Event: 90.924 Thread 0x0000013fc7a617d0 3745       3       java.util.concurrent.ForkJoinWorkerThread::hasKnownQueuedWork (110 bytes)
Event: 90.925 Thread 0x0000013fc7a617d0 nmethod 3745 0x0000013fb58ae588 code [0x0000013fb58ae6c0, 0x0000013fb58aebb8]
Event: 90.936 Thread 0x0000013fc7a617d0 3746   !   3       jdk.internal.net.http.SocketTube::readAvailable (217 bytes)
Event: 90.940 Thread 0x0000013fc7a617d0 nmethod 3746 0x0000013fb58aec08 code [0x0000013fb58aef00, 0x0000013fb58b0bb0]
Event: 90.941 Thread 0x0000013fc7a617d0 3747       3       java.util.concurrent.LinkedTransferQueue$DualNode::checkForUniprocessor (37 bytes)
Event: 90.941 Thread 0x0000013fc7a617d0 nmethod 3747 0x0000013fb58b0d08 code [0x0000013fb58b0e40, 0x0000013fb58b10e0]
Event: 91.492 Thread 0x0000013fc7a617d0 3748       3       org.openqa.selenium.json.StringCoercer$$Lambda/0x0000013fc90b67f0::apply (12 bytes)
Event: 91.493 Thread 0x0000013fc7a617d0 nmethod 3748 0x0000013fb58b1108 code [0x0000013fb58b1240, 0x0000013fb58b1528]
Event: 91.493 Thread 0x0000013fc7a617d0 3749       3       org.openqa.selenium.json.StringCoercer::lambda$apply$0 (86 bytes)
Event: 91.494 Thread 0x0000013fc7a617d0 nmethod 3749 0x0000013fb58b1588 code [0x0000013fb58b17c0, 0x0000013fb58b21c8]
Event: 92.075 Thread 0x0000013fc7a617d0 3750   !   3       java.util.concurrent.ArrayBlockingQueue::peek (31 bytes)
Event: 92.076 Thread 0x0000013fc7a617d0 nmethod 3750 0x0000013fb58b2288 code [0x0000013fb58b2440, 0x0000013fb58b3040]
Event: 92.076 Thread 0x0000013fc7a617d0 3751       3       java.util.concurrent.ArrayBlockingQueue::itemAt (7 bytes)
Event: 92.077 Thread 0x0000013fc7a617d0 nmethod 3751 0x0000013fb58b3088 code [0x0000013fb58b31a0, 0x0000013fb58b32d8]
Event: 92.608 Thread 0x0000013fc7a617d0 3752       3       java.util.LinkedList::node (65 bytes)
Event: 92.608 Thread 0x0000013fc7a617d0 nmethod 3752 0x0000013fb58b3388 code [0x0000013fb58b34c0, 0x0000013fb58b3770]
Event: 92.621 Thread 0x0000013fc7a29500 3753       4       jdk.internal.net.http.common.SequentialScheduler::runOrSchedule (100 bytes)

GC Heap History (6 events):
Event: 7.609 GC heap before
{Heap before GC invocations=0 (full 0):
 garbage-first heap   total reserved 1017856K, committed 67584K, used 30836K [0x00000000c1e00000, 0x0000000100000000)
  region size 1024K, 28 young (28672K), 0 survivors (0K)
 Metaspace       used 7903K, committed 8128K, reserved 1114112K
  class space    used 772K, committed 896K, reserved 1048576K
}
Event: 7.640 GC heap after
{Heap after GC invocations=1 (full 0):
 garbage-first heap   total reserved 1017856K, committed 67584K, used 6630K [0x00000000c1e00000, 0x0000000100000000)
  region size 1024K, 4 young (4096K), 4 survivors (4096K)
 Metaspace       used 7903K, committed 8128K, reserved 1114112K
  class space    used 772K, committed 896K, reserved 1048576K
}
Event: 28.180 GC heap before
{Heap before GC invocations=1 (full 0):
 garbage-first heap   total reserved 1017856K, committed 67584K, used 31206K [0x00000000c1e00000, 0x0000000100000000)
  region size 1024K, 29 young (29696K), 4 survivors (4096K)
 Metaspace       used 15439K, committed 15808K, reserved 1114112K
  class space    used 1554K, committed 1728K, reserved 1048576K
}
Event: 28.206 GC heap after
{Heap after GC invocations=2 (full 0):
 garbage-first heap   total reserved 1017856K, committed 67584K, used 9248K [0x00000000c1e00000, 0x0000000100000000)
  region size 1024K, 3 young (3072K), 3 survivors (3072K)
 Metaspace       used 15439K, committed 15808K, reserved 1114112K
  class space    used 1554K, committed 1728K, reserved 1048576K
}
Event: 67.273 GC heap before
{Heap before GC invocations=2 (full 0):
 garbage-first heap   total reserved 1017856K, committed 67584K, used 38944K [0x00000000c1e00000, 0x0000000100000000)
  region size 1024K, 33 young (33792K), 3 survivors (3072K)
 Metaspace       used 17471K, committed 17792K, reserved 1114112K
  class space    used 1762K, committed 1920K, reserved 1048576K
}
Event: 67.314 GC heap after
{Heap after GC invocations=3 (full 0):
 garbage-first heap   total reserved 1017856K, committed 67584K, used 9701K [0x00000000c1e00000, 0x0000000100000000)
  region size 1024K, 3 young (3072K), 3 survivors (3072K)
 Metaspace       used 17471K, committed 17792K, reserved 1114112K
  class space    used 1762K, committed 1920K, reserved 1048576K
}

Dll operation events (10 events):
Event: 0.031 Loaded shared library C:\Program Files\Java\jdk-24\bin\java.dll
Event: 0.127 Loaded shared library C:\Program Files\Java\jdk-24\bin\jsvml.dll
Event: 0.200 Loaded shared library C:\Program Files\Java\jdk-24\bin\net.dll
Event: 0.212 Loaded shared library C:\Program Files\Java\jdk-24\bin\nio.dll
Event: 0.245 Loaded shared library C:\Program Files\Java\jdk-24\bin\zip.dll
Event: 0.619 Loaded shared library C:\Program Files\Java\jdk-24\bin\management.dll
Event: 0.647 Loaded shared library C:\Program Files\Java\jdk-24\bin\management_ext.dll
Event: 0.791 Loaded shared library C:\Program Files\Java\jdk-24\bin\jimage.dll
Event: 4.801 Loaded shared library C:\Program Files\Java\jdk-24\bin\extnet.dll
Event: 9.682 Loaded shared library C:\Program Files\Java\jdk-24\bin\sunmscapi.dll

Deoptimization events (20 events):
Event: 48.226 Thread 0x0000013faa7cda20 DEOPT PACKING pc=0x0000013fb56e0473 sp=0x00000026578fd350
Event: 48.226 Thread 0x0000013faa7cda20 DEOPT UNPACKING pc=0x0000013fbc7c5722 sp=0x00000026578fc800 mode 0
Event: 62.282 Thread 0x0000013faa7cda20 Uncommon trap: trap_request=0xffffff4d fr.pc=0x0000013fbcd6ee94 relative=0x0000000000000254
Event: 62.282 Thread 0x0000013faa7cda20 Uncommon trap: reason=unstable_if action=reinterpret pc=0x0000013fbcd6ee94 method=java.util.concurrent.ConcurrentHashMap.get(Ljava/lang/Object;)Ljava/lang/Object; @ 86 c2
Event: 62.282 Thread 0x0000013faa7cda20 DEOPT PACKING pc=0x0000013fbcd6ee94 sp=0x00000026578fe090
Event: 62.282 Thread 0x0000013faa7cda20 DEOPT UNPACKING pc=0x0000013fbc7f0d82 sp=0x00000026578fe008 mode 2
Event: 78.321 Thread 0x0000013faa7cda20 Uncommon trap: trap_request=0xffffff4d fr.pc=0x0000013fbcddc870 relative=0x0000000000000e50
Event: 78.321 Thread 0x0000013faa7cda20 Uncommon trap: reason=unstable_if action=reinterpret pc=0x0000013fbcddc870 method=java.lang.StringLatin1$CharsSpliterator.forEachRemaining(Ljava/util/function/IntConsumer;)V @ 46 c2
Event: 78.321 Thread 0x0000013faa7cda20 DEOPT PACKING pc=0x0000013fbcddc870 sp=0x00000026578fd440
Event: 78.321 Thread 0x0000013faa7cda20 DEOPT UNPACKING pc=0x0000013fbc7f0d82 sp=0x00000026578fd3f0 mode 2
Event: 78.701 Thread 0x0000013faa7cda20 DEOPT PACKING pc=0x0000013fb5835d73 sp=0x00000026578fd310
Event: 78.701 Thread 0x0000013faa7cda20 DEOPT UNPACKING pc=0x0000013fbc7c5722 sp=0x00000026578fc7b0 mode 0
Event: 79.248 Thread 0x0000013faa7cda20 DEOPT PACKING pc=0x0000013fb5835d73 sp=0x00000026578fd310
Event: 79.248 Thread 0x0000013faa7cda20 DEOPT UNPACKING pc=0x0000013fbc7c5722 sp=0x00000026578fc7b0 mode 0
Event: 79.793 Thread 0x0000013faa7cda20 DEOPT PACKING pc=0x0000013fb5835d73 sp=0x00000026578fd310
Event: 79.793 Thread 0x0000013faa7cda20 DEOPT UNPACKING pc=0x0000013fbc7c5722 sp=0x00000026578fc7b0 mode 0
Event: 80.340 Thread 0x0000013faa7cda20 DEOPT PACKING pc=0x0000013fb5835d73 sp=0x00000026578fd310
Event: 80.340 Thread 0x0000013faa7cda20 DEOPT UNPACKING pc=0x0000013fbc7c5722 sp=0x00000026578fc7b0 mode 0
Event: 80.891 Thread 0x0000013faa7cda20 DEOPT PACKING pc=0x0000013fb5835d73 sp=0x00000026578fd310
Event: 80.891 Thread 0x0000013faa7cda20 DEOPT UNPACKING pc=0x0000013fbc7c5722 sp=0x00000026578fc7b0 mode 0

Classes loaded (20 events):
Event: 32.886 Loading class java/net/URLEncoder
Event: 32.888 Loading class java/net/URLEncoder done
Event: 32.889 Loading class jdk/internal/util/ImmutableBitSetPredicate
Event: 32.891 Loading class jdk/internal/util/ImmutableBitSetPredicate done
Event: 32.892 Loading class jdk/internal/util/ImmutableBitSetPredicate$SmallImmutableBitSetPredicate
Event: 32.895 Loading class jdk/internal/util/ImmutableBitSetPredicate$SmallImmutableBitSetPredicate done
Event: 46.241 Loading class java/util/TreeMap$EntrySpliterator
Event: 46.242 Loading class java/util/TreeMap$EntrySpliterator done
Event: 46.267 Loading class java/lang/invoke/WrongMethodTypeException
Event: 46.268 Loading class java/lang/invoke/WrongMethodTypeException done
Event: 46.288 Loading class java/lang/StackTraceElement$HashedModules
Event: 46.289 Loading class java/lang/StackTraceElement$HashedModules done
Event: 46.293 Loading class java/io/PrintWriter
Event: 46.293 Loading class java/io/PrintWriter done
Event: 46.293 Loading class java/lang/Throwable$WrappedPrintWriter
Event: 46.294 Loading class java/lang/Throwable$PrintStreamOrWriter
Event: 46.294 Loading class java/lang/Throwable$PrintStreamOrWriter done
Event: 46.294 Loading class java/lang/Throwable$WrappedPrintWriter done
Event: 62.188 Loading class java/lang/invoke/MethodHandle$1
Event: 62.196 Loading class java/lang/invoke/MethodHandle$1 done

Classes unloaded (0 events):
No events

Classes redefined (0 events):
No events

Internal exceptions (20 events):
Event: 10.205 Thread 0x000001400dd13a80 Exception <a 'java/net/ConnectException'{0x00000000c4e2e660}: Connection refused: getsockopt> (0x00000000c4e2e660) 
thrown [s\open\src\hotspot\share\prims\jni.cpp, line 536]
Event: 10.227 Thread 0x000001400dd13a80 Exception <a 'java/net/ConnectException'{0x00000000c4e2f580}: Connection refused: getsockopt> (0x00000000c4e2f580) 
thrown [s\open\src\hotspot\share\prims\jni.cpp, line 536]
Event: 10.270 Thread 0x000001400dd13a80 Exception <a 'java/net/ConnectException'{0x00000000c4e304a0}: Connection refused: getsockopt> (0x00000000c4e304a0) 
thrown [s\open\src\hotspot\share\prims\jni.cpp, line 536]
Event: 10.523 Thread 0x0000013faa7cda20 Exception <a 'java/lang/NoSuchMethodError'{0x00000000c4de2d80}: 'java.lang.Object java.lang.invoke.DirectMethodHandle$Holder.newInvokeSpecial(java.lang.Object, java.lang.Object, int, int)'> (0x00000000c4de2d80) 
thrown [s\open\src\hotspot\share\interpreter\linkResolver.cpp, line 805]
Event: 10.534 Thread 0x0000013faa7cda20 Exception <a 'java/lang/NoSuchMethodError'{0x00000000c4df3cc0}: 'void java.lang.invoke.DirectMethodHandle$Holder.invokeStatic(java.lang.Object, java.lang.Object, int)'> (0x00000000c4df3cc0) 
thrown [s\open\src\hotspot\share\interpreter\linkResolver.cpp, line 805]
Event: 10.709 Thread 0x000001400dd14920 Exception <a 'java/lang/NoSuchMethodError'{0x00000000c4bcf690}: 'java.lang.Object java.lang.invoke.DirectMethodHandle$Holder.invokeSpecial(java.lang.Object, java.lang.Object, java.lang.Object, java.lang.Object, java.lang.Object, int)'> (0x00000000c4bcf690) 
thrown [s\open\src\hotspot\share\interpreter\linkResolver.cpp, line 805]
Event: 10.712 Thread 0x000001400dd14920 Exception <a 'java/lang/NoSuchMethodError'{0x00000000c4bdfaf0}: 'java.lang.Object java.lang.invoke.Invokers$Holder.linkToTargetMethod(java.lang.Object, java.lang.Object, int, java.lang.Object)'> (0x00000000c4bdfaf0) 
thrown [s\open\src\hotspot\share\interpreter\linkResolver.cpp, line 805]
Event: 10.799 Thread 0x000001400dd14920 Exception <a 'java/lang/NoSuchMethodError'{0x00000000c4a81b38}: 'void java.lang.invoke.DirectMethodHandle$Holder.invokeSpecial(java.lang.Object, java.lang.Object, java.lang.Object, java.lang.Object, java.lang.Object)'> (0x00000000c4a81b38) 
thrown [s\open\src\hotspot\share\interpreter\linkResolver.cpp, line 805]
Event: 10.815 Thread 0x000001400dd14920 Exception <a 'java/lang/NoSuchMethodError'{0x00000000c4acc850}: 'long java.lang.invoke.DirectMethodHandle$Holder.invokeStatic(java.lang.Object, long, long)'> (0x00000000c4acc850) 
thrown [s\open\src\hotspot\share\interpreter\linkResolver.cpp, line 805]
Event: 10.826 Thread 0x000001400e1d75c0 Exception <a 'java/lang/NoSuchMethodError'{0x00000000c5079ae0}: 'int java.lang.invoke.DirectMethodHandle$Holder.invokeStatic(java.lang.Object, int, java.lang.Object)'> (0x00000000c5079ae0) 
thrown [s\open\src\hotspot\share\interpreter\linkResolver.cpp, line 805]
Event: 10.834 Thread 0x000001400e1d75c0 Exception <a 'java/lang/NoSuchMethodError'{0x00000000c4933ba8}: 'java.lang.Object java.lang.invoke.DirectMethodHandle$Holder.newInvokeSpecial(java.lang.Object, java.lang.Object, int)'> (0x00000000c4933ba8) 
thrown [s\open\src\hotspot\share\interpreter\linkResolver.cpp, line 805]
Event: 10.874 Thread 0x000001400dd15f10 Exception <a 'java/lang/NoSuchMethodError'{0x00000000c4994f20}: 'int java.lang.invoke.DirectMethodHandle$Holder.invokeSpecialIFC(java.lang.Object, java.lang.Object, java.lang.Object, java.lang.Object, java.lang.Object)'> (0x00000000c4994f20) 
thrown [s\open\src\hotspot\share\interpreter\linkResolver.cpp, line 805]
Event: 27.852 Thread 0x000001400dd16660 Exception <a 'java/lang/NoSuchMethodError'{0x00000000c48c5a50}: 'void java.lang.invoke.DirectMethodHandle$Holder.invokeSpecial(java.lang.Object, java.lang.Object, java.lang.Object, java.lang.Object, java.lang.Object, java.lang.Object, java.lang.Object)'> (0x00000000c48c5a50) 
thrown [s\open\src\hotspot\share\interpreter\linkResolver.cpp, line 805]
Event: 28.161 Thread 0x0000013faa7cda20 Exception <a 'java/lang/NoSuchMethodError'{0x00000000c45ae498}: 'java.lang.Object java.lang.invoke.DirectMethodHandle$Holder.invokeSpecialIFC(java.lang.Object, java.lang.Object, java.lang.Object)'> (0x00000000c45ae498) 
thrown [s\open\src\hotspot\share\interpreter\linkResolver.cpp, line 805]
Event: 29.191 Thread 0x0000013faa7cda20 Exception <a 'java/lang/ClassNotFoundException'{0x00000000c59d4290}: sun/util/logging/resources/spi/loggingProvider> (0x00000000c59d4290) 
thrown [s\open\src\hotspot\share\classfile\systemDictionary.cpp, line 327]
Event: 29.251 Thread 0x0000013faa7cda20 Exception <a 'java/lang/NoSuchMethodError'{0x00000000c59f0d70}: 'java.lang.Object java.lang.invoke.DirectMethodHandle$Holder.invokeVirtual(java.lang.Object, java.lang.Object, java.lang.Object)'> (0x00000000c59f0d70) 
thrown [s\open\src\hotspot\share\interpreter\linkResolver.cpp, line 805]
Event: 31.769 Thread 0x0000013faa7cda20 Exception <a 'java/lang/NoSuchMethodError'{0x00000000c57ab688}: 'void java.lang.invoke.DelegatingMethodHandle$Holder.reinvoke_L(java.lang.Object, java.lang.Object, java.lang.Object, java.lang.Object, java.lang.Object, int, java.lang.Object)'> (0x00000000c57ab688) 
thrown [s\open\src\hotspot\share\interpreter\linkResolver.cpp, line 805]
Event: 31.794 Thread 0x0000013faa7cda20 Exception <a 'java/lang/NoSuchMethodError'{0x00000000c57c6788}: 'java.lang.Object java.lang.invoke.DirectMethodHandle$Holder.invokeStatic(java.lang.Object, java.lang.Object, int)'> (0x00000000c57c6788) 
thrown [s\open\src\hotspot\share\interpreter\linkResolver.cpp, line 805]
Event: 31.797 Thread 0x0000013faa7cda20 Exception <a 'java/lang/NoSuchMethodError'{0x00000000c57debe0}: 'void java.lang.invoke.DelegatingMethodHandle$Holder.delegate(java.lang.Object, java.lang.Object, int, java.lang.Object)'> (0x00000000c57debe0) 
thrown [s\open\src\hotspot\share\interpreter\linkResolver.cpp, line 805]
Event: 31.965 Thread 0x0000013faa7cda20 Exception <a 'java/lang/NoSuchMethodError'{0x00000000c5619e28}: 'void java.lang.invoke.DirectMethodHandle$Holder.invokeStaticInit(java.lang.Object, java.lang.Object)'> (0x00000000c5619e28) 
thrown [s\open\src\hotspot\share\interpreter\linkResolver.cpp, line 805]

VM Operations (20 events):
Event: 8.769 Executing VM operation: HandshakeAllThreads (Deoptimize)
Event: 8.770 Executing VM operation: HandshakeAllThreads (Deoptimize) done
Event: 10.372 Executing VM operation: HandshakeAllThreads (Deoptimize)
Event: 10.372 Executing VM operation: HandshakeAllThreads (Deoptimize) done
Event: 27.813 Executing VM operation: HandshakeAllThreads (Deoptimize)
Event: 27.813 Executing VM operation: HandshakeAllThreads (Deoptimize) done
Event: 27.818 Executing VM operation: HandshakeAllThreads (Deoptimize)
Event: 27.818 Executing VM operation: HandshakeAllThreads (Deoptimize) done
Event: 28.180 Executing VM operation: G1CollectForAllocation (G1 Evacuation Pause)
Event: 28.207 Executing VM operation: G1CollectForAllocation (G1 Evacuation Pause) done
Event: 29.334 Executing VM operation: HandshakeAllThreads (Deoptimize)
Event: 29.334 Executing VM operation: HandshakeAllThreads (Deoptimize) done
Event: 31.793 Executing VM operation: HandshakeAllThreads (Deoptimize)
Event: 31.794 Executing VM operation: HandshakeAllThreads (Deoptimize) done
Event: 60.030 Executing VM operation: HandshakeAllThreads (HandshakeForDeflation)
Event: 60.030 Executing VM operation: HandshakeAllThreads (HandshakeForDeflation) done
Event: 60.030 Executing VM operation: RendezvousGCThreads
Event: 60.030 Executing VM operation: RendezvousGCThreads done
Event: 67.269 Executing VM operation: G1CollectForAllocation (G1 Evacuation Pause)
Event: 67.314 Executing VM operation: G1CollectForAllocation (G1 Evacuation Pause) done

Memory protections (0 events):
No events

Nmethod flushes (0 events):
No events

Events (20 events):
Event: 10.135 Thread 0x000001400dccd320 Thread added: 0x000001400dd13a80
Event: 10.371 Thread 0x000001400dd13a80 Thread added: 0x000001400dd141d0
Event: 10.601 Thread 0x0000013faa7cda20 Thread added: 0x000001400dd14920
Event: 10.611 Thread 0x0000013faa7cda20 Thread added: 0x000001400dd157c0
Event: 10.838 Thread 0x000001400e1d75c0 Thread added: 0x000001400dd15f10
Event: 10.852 Thread 0x000001400e1d75c0 Thread added: 0x000001400dd13330
Event: 10.869 Thread 0x000001400e1d75c0 Thread added: 0x000001400dd16660
Event: 25.375 Thread 0x000001400dd141d0 Thread exited: 0x000001400dd141d0
Event: 28.576 Thread 0x0000013faa7cda20 Thread added: 0x000001400dd141d0
Event: 28.585 Thread 0x0000013faa7cda20 Thread added: 0x000001400d1fee30
Event: 28.613 Thread 0x000001400dd141d0 Thread added: 0x000001400d202160
Event: 28.614 Thread 0x000001400dd141d0 Thread added: 0x000001400d205be0
Event: 28.614 Thread 0x000001400dd141d0 Thread added: 0x000001400d200420
Event: 70.383 Thread 0x000001400dd13a80 Thread exited: 0x000001400dd13a80
Event: 70.885 Thread 0x000001400dd13330 Thread exited: 0x000001400dd13330
Event: 88.616 Thread 0x000001400d202160 Thread exited: 0x000001400d202160
Event: 88.727 Thread 0x000001400d1fee30 Thread exited: 0x000001400d1fee30
Event: 88.727 Thread 0x000001400d200420 Thread exited: 0x000001400d200420
Event: 88.760 Thread 0x000001400d205be0 Thread exited: 0x000001400d205be0
Event: 88.805 Thread 0x000001400d731b10 Thread exited: 0x000001400d731b10


Dynamic libraries:
0x00007ff6d5150000 - 0x00007ff6d5160000 	C:\Program Files\Java\jdk-24\bin\java.exe
0x00007ffa259f0000 - 0x00007ffa25be8000 	C:\Windows\SYSTEM32\ntdll.dll
0x00007ffa24760000 - 0x00007ffa24822000 	C:\Windows\System32\KERNEL32.DLL
0x00007ffa23440000 - 0x00007ffa23736000 	C:\Windows\System32\KERNELBASE.dll
0x00007ffa23860000 - 0x00007ffa23960000 	C:\Windows\System32\ucrtbase.dll
0x00007ffa1d730000 - 0x00007ffa1d746000 	C:\Program Files\Java\jdk-24\bin\jli.dll
0x00007ffa24950000 - 0x00007ffa24af1000 	C:\Windows\System32\USER32.dll
0x00007ffa232e0000 - 0x00007ffa23302000 	C:\Windows\System32\win32u.dll
0x00007ffa24890000 - 0x00007ffa248bb000 	C:\Windows\System32\GDI32.dll
0x00007ffa23740000 - 0x00007ffa23859000 	C:\Windows\System32\gdi32full.dll
0x00007ffa233a0000 - 0x00007ffa2343d000 	C:\Windows\System32\msvcp_win.dll
0x00007ffa1d8d0000 - 0x00007ffa1d8eb000 	C:\Program Files\Java\jdk-24\bin\VCRUNTIME140.dll
0x00007ffa082f0000 - 0x00007ffa0858b000 	C:\Windows\WinSxS\amd64_microsoft.windows.common-controls_6595b64144ccf1df_6.0.19041.6456_none_60b8a6cb71f64256\COMCTL32.dll
0x00007ffa24b10000 - 0x00007ffa24bae000 	C:\Windows\System32\msvcrt.dll
0x00007ffa24dd0000 - 0x00007ffa24dff000 	C:\Windows\System32\IMM32.DLL
0x00007ffa1da70000 - 0x00007ffa1da7c000 	C:\Program Files\Java\jdk-24\bin\vcruntime140_1.dll
0x00007ff9fa290000 - 0x00007ff9fa31e000 	C:\Program Files\Java\jdk-24\bin\msvcp140.dll
0x00007ff9d5ba0000 - 0x00007ff9d6942000 	C:\Program Files\Java\jdk-24\bin\server\jvm.dll
0x00007ffa23ed0000 - 0x00007ffa23f81000 	C:\Windows\System32\ADVAPI32.dll
0x00007ffa23e30000 - 0x00007ffa23ecf000 	C:\Windows\System32\sechost.dll
0x00007ffa24e00000 - 0x00007ffa24f20000 	C:\Windows\System32\RPCRT4.dll
0x00007ffa23080000 - 0x00007ffa230a7000 	C:\Windows\System32\bcrypt.dll
0x00007ffa24c10000 - 0x00007ffa24c7b000 	C:\Windows\System32\WS2_32.dll
0x00007ffa18070000 - 0x00007ffa18097000 	C:\Windows\SYSTEM32\WINMM.dll
0x00007ffa1c750000 - 0x00007ffa1c75a000 	C:\Windows\SYSTEM32\VERSION.dll
0x00007ffa22bf0000 - 0x00007ffa22c3b000 	C:\Windows\SYSTEM32\POWRPROF.dll
0x00007ffa22bd0000 - 0x00007ffa22be2000 	C:\Windows\SYSTEM32\UMPDC.dll
0x00007ffa20ef0000 - 0x00007ffa20f02000 	C:\Windows\SYSTEM32\kernel.appcore.dll
0x00007ffa1d060000 - 0x00007ffa1d06a000 	C:\Program Files\Java\jdk-24\bin\jimage.dll
0x00007ffa118d0000 - 0x00007ffa11ad1000 	C:\Windows\SYSTEM32\DBGHELP.DLL
0x00007ffa068b0000 - 0x00007ffa068e4000 	C:\Windows\SYSTEM32\dbgcore.DLL
0x00007ffa23310000 - 0x00007ffa23392000 	C:\Windows\System32\bcryptPrimitives.dll
0x00007ffa1d030000 - 0x00007ffa1d04e000 	C:\Program Files\Java\jdk-24\bin\java.dll
0x00007ffa24ca0000 - 0x00007ffa24dcb000 	C:\Windows\System32\ole32.dll
0x00007ffa25060000 - 0x00007ffa253b4000 	C:\Windows\System32\combase.dll
0x00007ffa23ff0000 - 0x00007ffa24760000 	C:\Windows\System32\SHELL32.dll
0x00007ffa210f0000 - 0x00007ffa21895000 	C:\Windows\SYSTEM32\windows.storage.dll
0x00007ffa22a40000 - 0x00007ffa22a6b000 	C:\Windows\SYSTEM32\Wldp.dll
0x00007ffa258e0000 - 0x00007ffa259ad000 	C:\Windows\System32\OLEAUT32.dll
0x00007ffa25830000 - 0x00007ffa258dd000 	C:\Windows\System32\SHCORE.dll
0x00007ffa23dd0000 - 0x00007ffa23e2b000 	C:\Windows\System32\shlwapi.dll
0x00007ffa22fb0000 - 0x00007ffa22fd4000 	C:\Windows\SYSTEM32\profapi.dll
0x00007ff9f7600000 - 0x00007ff9f76d7000 	C:\Program Files\Java\jdk-24\bin\jsvml.dll
0x00007ffa1d020000 - 0x00007ffa1d030000 	C:\Program Files\Java\jdk-24\bin\net.dll
0x00007ffa22730000 - 0x00007ffa2279a000 	C:\Windows\system32\mswsock.dll
0x00007ffa1cd90000 - 0x00007ffa1cda6000 	C:\Program Files\Java\jdk-24\bin\nio.dll
0x00007ffa1c520000 - 0x00007ffa1c537000 	C:\Program Files\Java\jdk-24\bin\zip.dll
0x00007ffa17f50000 - 0x00007ffa17f5a000 	C:\Program Files\Java\jdk-24\bin\management.dll
0x00007ffa17ef0000 - 0x00007ffa17efb000 	C:\Program Files\Java\jdk-24\bin\management_ext.dll
0x00007ffa25050000 - 0x00007ffa25058000 	C:\Windows\System32\PSAPI.DLL
0x00007ffa22930000 - 0x00007ffa22948000 	C:\Windows\SYSTEM32\CRYPTSP.dll
0x00007ffa22050000 - 0x00007ffa22088000 	C:\Windows\system32\rsaenh.dll
0x00007ffa22f70000 - 0x00007ffa22f9e000 	C:\Windows\SYSTEM32\USERENV.dll
0x00007ffa22920000 - 0x00007ffa2292c000 	C:\Windows\SYSTEM32\CRYPTBASE.dll
0x00007ffa22410000 - 0x00007ffa2244b000 	C:\Windows\SYSTEM32\IPHLPAPI.DLL
0x00007ffa24b00000 - 0x00007ffa24b08000 	C:\Windows\System32\NSI.dll
0x00007ffa17f60000 - 0x00007ffa17f69000 	C:\Program Files\Java\jdk-24\bin\extnet.dll
0x00007ffa22450000 - 0x00007ffa2251a000 	C:\Windows\SYSTEM32\DNSAPI.dll
0x00007ffa1b7b0000 - 0x00007ffa1b7ba000 	C:\Windows\System32\rasadhlp.dll
0x00007ffa12ce0000 - 0x00007ffa12d60000 	C:\Windows\System32\fwpuclnt.dll
0x00007ffa18040000 - 0x00007ffa1804e000 	C:\Program Files\Java\jdk-24\bin\sunmscapi.dll
0x00007ffa23130000 - 0x00007ffa2328d000 	C:\Windows\System32\CRYPT32.dll
0x00007ffa22ab0000 - 0x00007ffa22ad7000 	C:\Windows\SYSTEM32\ncrypt.dll
0x00007ffa22a70000 - 0x00007ffa22aab000 	C:\Windows\SYSTEM32\NTASN1.dll
0x00007ffa19490000 - 0x00007ffa19497000 	C:\Windows\system32\wshunix.dll

JVMTI agents: none

dbghelp: loaded successfully - version: 4.0.5 - missing functions: none
symbol engine: initialized successfully - sym options: 0x614 - pdb path: .;C:\Program Files\Java\jdk-24\bin;C:\Windows\SYSTEM32;C:\Windows\WinSxS\amd64_microsoft.windows.common-controls_6595b64144ccf1df_6.0.19041.6456_none_60b8a6cb71f64256;C:\Program Files\Java\jdk-24\bin\server

VM Arguments:
java_command: C:\Users\LENOVO\AppData\Local\Temp\surefire5915856444340717841\surefirebooter-20260313141907630_3.jar C:\Users\LENOVO\AppData\Local\Temp\surefire5915856444340717841 2026-03-13T14-19-06_423-jvmRun1 surefire-20260313141907630_1tmp surefire_0-20260313141907630_2tmp
java_class_path (initial): C:\Users\LENOVO\AppData\Local\Temp\surefire5915856444340717841\surefirebooter-20260313141907630_3.jar
Launcher Type: SUN_STANDARD

[Global flags]
     intx CICompilerCount                          = 3                                         {product} {ergonomic}
     uint ConcGCThreads                            = 1                                         {product} {ergonomic}
     uint G1ConcRefinementThreads                  = 4                                         {product} {ergonomic}
   size_t G1HeapRegionSize                         = 1048576                                   {product} {ergonomic}
   size_t InitialHeapSize                          = 67108864                                  {product} {ergonomic}
   size_t MarkStackSize                            = 4194304                                   {product} {ergonomic}
   size_t MarkStackSizeMax                         = 536870912                                 {product} {ergonomic}
   size_t MaxHeapSize                              = 1042284544                                {product} {ergonomic}
   size_t MaxNewSize                               = 624951296                                 {product} {ergonomic}
   size_t MinHeapDeltaBytes                        = 1048576                                   {product} {ergonomic}
   size_t MinHeapSize                              = 8388608                                   {product} {ergonomic}
    uintx NonNMethodCodeHeapSize                   = 5832704                                {pd product} {ergonomic}
    uintx NonProfiledCodeHeapSize                  = 122945536                              {pd product} {ergonomic}
    uintx ProfiledCodeHeapSize                     = 122880000                              {pd product} {ergonomic}
    uintx ReservedCodeCacheSize                    = 251658240                              {pd product} {ergonomic}
     bool SegmentedCodeCache                       = true                                      {product} {ergonomic}
   size_t SoftMaxHeapSize                          = 1042284544                             {manageable} {ergonomic}
     bool UseCompressedOops                        = true                           {product lp64_product} {ergonomic}
     bool UseG1GC                                  = true                                      {product} {ergonomic}
     bool UseLargePagesIndividualAllocation        = false                                  {pd product} {ergonomic}

Logging:
Log output configuration:
 #0: stdout all=warning uptime,level,tags foldmultilines=false
 #1: stderr all=off uptime,level,tags foldmultilines=false

Environment Variables:
JAVA_HOME=C:\Program Files\Java\jdk-24
PATH=C:\oraclexe\app\oracle\product\11.2.0\server\bin;C:\Program Files\Common Files\Oracle\Java\javapath;C:\Windows\system32;C:\Windows;C:\Windows\System32\Wbem;C:\Windows\System32\WindowsPowerShell\v1.0\;C:\Windows\System32\OpenSSH\;C:\Program Files\Java\jdk-24\bin;N:\Selenium_csWsp\apache-maven-3.9.11-bin\apache-maven-3.9.11\bin;C:\Program Files\nodejs\;C:\Program Files\nodejs\node_modules;C:\Program Files\Git\cmd;C:\Users\LENOVO\AppData\Local\Microsoft\WindowsApps;C:\Users\LENOVO\AppData\Roaming\npm;C:\Users\LENOVO\AppData\Local\Programs\cursor\resources\app\bin;C:\Users\LENOVO\AppData\Local\Programs\Antigravity\bin
USERNAME=LENOVO
OS=Windows_NT
PROCESSOR_IDENTIFIER=Intel64 Family 6 Model 78 Stepping 3, GenuineIntel
TMP=C:\Users\LENOVO\AppData\Local\Temp
TEMP=C:\Users\LENOVO\AppData\Local\Temp




Periodic native trim disabled

---------------  S Y S T E M  ---------------

OS:
 Windows 10 , 64 bit Build 19041 (10.0.19041.5915)
OS uptime: 44 days 19:49 hours

CPU: total 4 (initial active 4) (2 cores per cpu, 2 threads per core) family 6 model 78 stepping 3 microcode 0xcc, cx8, cmov, fxsr, ht, mmx, 3dnowpref, sse, sse2, sse3, ssse3, sse4.1, sse4.2, popcnt, lzcnt, tsc, tscinvbit, avx, avx2, aes, erms, clmul, bmi1, bmi2, adx, fma, vzeroupper, clflush, clflushopt, rdtscp, f16c
Processor Information for the first 4 processors :
  Max Mhz: 1992, Current Mhz: 1992, Mhz Limit: 1992

Memory: 4k page, system-wide physical 3970M (404M free)
TotalPageFile size 16258M (AvailPageFile size 385M)
current process WorkingSet (physical memory assigned to process): 83M, peak: 123M
current process commit charge ("private bytes"): 171M, peak: 204M

vm_info: Java HotSpot(TM) 64-Bit Server VM (24.0.1+9-30) for windows-amd64 JRE (24.0.1+9-30), built on 2025-03-05T07:23:45Z with MS VC++ 17.6 (VS2022)

END.
